Archive member included to satisfy reference by file (symbol)

/usr/lib/gcc/arm-none-eabi/14.2.0/../../../../arm-none-eabi/lib/thumb/v6-m/nofp/libc.a(libc_a-atexit.o)
                              /usr/lib/gcc/arm-none-eabi/14.2.0/../../../../arm-none-eabi/lib/thumb/v6-m/nofp/rdimon-crt0.o (atexit)
/usr/lib/gcc/arm-none-eabi/14.2.0/../../../../arm-none-eabi/lib/thumb/v6-m/nofp/libc.a(libc_a-exit.o)
                              /usr/lib/gcc/arm-none-eabi/14.2.0/../../../../arm-none-eabi/lib/thumb/v6-m/nofp/rdimon-crt0.o (exit)
/usr/lib/gcc/arm-none-eabi/14.2.0/../../../../arm-none-eabi/lib/thumb/v6-m/nofp/libc.a(libc_a-findfp.o)
                              /usr/lib/gcc/arm-none-eabi/14.2.0/../../../../arm-none-eabi/lib/thumb/v6-m/nofp/libc.a(libc_a-exit.o) (__stdio_exit_handler)
/usr/lib/gcc/arm-none-eabi/14.2.0/../../../../arm-none-eabi/lib/thumb/v6-m/nofp/libc.a(libc_a-fwalk.o)
                              /usr/lib/gcc/arm-none-eabi/14.2.0/../../../../arm-none-eabi/lib/thumb/v6-m/nofp/libc.a(libc_a-findfp.o) (_fwalk_sglue)
/usr/lib/gcc/arm-none-eabi/14.2.0/../../../../arm-none-eabi/lib/thumb/v6-m/nofp/libc.a(libc_a-printf.o)
                              ./2Driver/eba_export.o (printf)
/usr/lib/gcc/arm-none-eabi/14.2.0/../../../../arm-none-eabi/lib/thumb/v6-m/nofp/libc.a(libc_a-puts.o)
                              ./0app/main.o (puts)
/usr/lib/gcc/arm-none-eabi/14.2.0/../../../../arm-none-eabi/lib/thumb/v6-m/nofp/libc.a(libc_a-stdio.o)
                              /usr/lib/gcc/arm-none-eabi/14.2.0/../../../../arm-none-eabi/lib/thumb/v6-m/nofp/libc.a(libc_a-findfp.o) (__sread)
/usr/lib/gcc/arm-none-eabi/14.2.0/../../../../arm-none-eabi/lib/thumb/v6-m/nofp/libc.a(libc_a-memset.o)
                              /usr/lib/gcc/arm-none-eabi/14.2.0/../../../../arm-none-eabi/lib/thumb/v6-m/nofp/rdimon-crt0.o (memset)
/usr/lib/gcc/arm-none-eabi/14.2.0/../../../../arm-none-eabi/lib/thumb/v6-m/nofp/libc.a(libc_a-closer.o)
                              /usr/lib/gcc/arm-none-eabi/14.2.0/../../../../arm-none-eabi/lib/thumb/v6-m/nofp/libc.a(libc_a-stdio.o) (_close_r)
/usr/lib/gcc/arm-none-eabi/14.2.0/../../../../arm-none-eabi/lib/thumb/v6-m/nofp/libc.a(libc_a-reent.o)
                              /usr/lib/gcc/arm-none-eabi/14.2.0/../../../../arm-none-eabi/lib/thumb/v6-m/nofp/libc.a(libc_a-closer.o) (errno)
/usr/lib/gcc/arm-none-eabi/14.2.0/../../../../arm-none-eabi/lib/thumb/v6-m/nofp/libc.a(libc_a-impure.o)
                              /usr/lib/gcc/arm-none-eabi/14.2.0/../../../../arm-none-eabi/lib/thumb/v6-m/nofp/libc.a(libc_a-printf.o) (_impure_ptr)
/usr/lib/gcc/arm-none-eabi/14.2.0/../../../../arm-none-eabi/lib/thumb/v6-m/nofp/libc.a(libc_a-lseekr.o)
                              /usr/lib/gcc/arm-none-eabi/14.2.0/../../../../arm-none-eabi/lib/thumb/v6-m/nofp/libc.a(libc_a-stdio.o) (_lseek_r)
/usr/lib/gcc/arm-none-eabi/14.2.0/../../../../arm-none-eabi/lib/thumb/v6-m/nofp/libc.a(libc_a-readr.o)
                              /usr/lib/gcc/arm-none-eabi/14.2.0/../../../../arm-none-eabi/lib/thumb/v6-m/nofp/libc.a(libc_a-stdio.o) (_read_r)
/usr/lib/gcc/arm-none-eabi/14.2.0/../../../../arm-none-eabi/lib/thumb/v6-m/nofp/libc.a(libc_a-writer.o)
                              /usr/lib/gcc/arm-none-eabi/14.2.0/../../../../arm-none-eabi/lib/thumb/v6-m/nofp/libc.a(libc_a-stdio.o) (_write_r)
/usr/lib/gcc/arm-none-eabi/14.2.0/../../../../arm-none-eabi/lib/thumb/v6-m/nofp/libc.a(libc_a-init.o)
                              /usr/lib/gcc/arm-none-eabi/14.2.0/../../../../arm-none-eabi/lib/thumb/v6-m/nofp/rdimon-crt0.o (__libc_init_array)
/usr/lib/gcc/arm-none-eabi/14.2.0/../../../../arm-none-eabi/lib/thumb/v6-m/nofp/libc.a(libc_a-fini.o)
                              /usr/lib/gcc/arm-none-eabi/14.2.0/../../../../arm-none-eabi/lib/thumb/v6-m/nofp/rdimon-crt0.o (__libc_fini_array)
/usr/lib/gcc/arm-none-eabi/14.2.0/../../../../arm-none-eabi/lib/thumb/v6-m/nofp/libc.a(libc_a-lock.o)
                              /usr/lib/gcc/arm-none-eabi/14.2.0/../../../../arm-none-eabi/lib/thumb/v6-m/nofp/libc.a(libc_a-findfp.o) (__retarget_lock_init_recursive)
/usr/lib/gcc/arm-none-eabi/14.2.0/../../../../arm-none-eabi/lib/thumb/v6-m/nofp/libc.a(libc_a-strcmp.o)
                              ./1middle/eio_pin.o (strcmp)
/usr/lib/gcc/arm-none-eabi/14.2.0/../../../../arm-none-eabi/lib/thumb/v6-m/nofp/libc.a(libc_a-strlen-stub.o)
                              /usr/lib/gcc/arm-none-eabi/14.2.0/../../../../arm-none-eabi/lib/thumb/v6-m/nofp/libc.a(libc_a-puts.o) (strlen)
/usr/lib/gcc/arm-none-eabi/14.2.0/../../../../arm-none-eabi/lib/thumb/v6-m/nofp/libc.a(libc_a-__atexit.o)
                              /usr/lib/gcc/arm-none-eabi/14.2.0/../../../../arm-none-eabi/lib/thumb/v6-m/nofp/libc.a(libc_a-atexit.o) (__register_exitproc)
/usr/lib/gcc/arm-none-eabi/14.2.0/../../../../arm-none-eabi/lib/thumb/v6-m/nofp/libc.a(libc_a-__call_atexit.o)
[...]
Memory Configuration

Name             Origin             Length             Attributes
RAM              0x20000000         0x00009000         xrw
FLASH            0x08000000         0x00020000         xr
*default*        0x00000000         0xffffffff

Linker script and memory map

LOAD /usr/lib/gcc/arm-none-eabi/14.2.0/thumb/v6-m/nofp/crti.o
LOAD /usr/lib/gcc/arm-none-eabi/14.2.0/thumb/v6-m/nofp/crtbegin.o
LOAD /usr/lib/gcc/arm-none-eabi/14.2.0/../../../../arm-none-eabi/lib/thumb/v6-m/nofp/rdimon-crt0.o
LOAD ./0app/main.o
LOAD ./0app/led.o
LOAD ./2Driver/driver_pin.o
LOAD ./2Driver/eba_export.o
LOAD ./3BSP/bsp.o
LOAD ./3BSP/elab_time.o
LOAD ./3BSP/mcu/system_stm32g0xx.o
LOAD ./3BSP/STM32G0xx_HAL_Driver/Src/stm32g0xx_hal_rcc_ex.o
LOAD ./3BSP/STM32G0xx_HAL_Driver/Src/stm32g0xx_ll_crc.o
LOAD ./3BSP/STM32G0xx_HAL_Driver/Src/stm32g0xx_hal_dma.o
LOAD ./3BSP/STM32G0xx_HAL_Driver/Src/stm32g0xx_hal_hcd.o
LOAD ./3BSP/STM32G0xx_HAL_Driver/Src/stm32g0xx_hal_pcd.o
LOAD ./3BSP/STM32G0xx_HAL_Driver/Src/stm32g0xx_hal_cec.o
LOAD ./3BSP/STM32G0xx_HAL_Driver/Src/stm32g0xx_hal_rng.o
LOAD ./3BSP/STM32G0xx_HAL_Driver/Src/stm32g0xx_hal_adc_ex.o
LOAD ./3BSP/STM32G0xx_HAL_Driver/Src/stm32g0xx_ll_spi.o
LOAD ./3BSP/STM32G0xx_HAL_Driver/Src/stm32g0xx_hal_fdcan.o
LOAD ./3BSP/STM32G0xx_HAL_Driver/Src/stm32g0xx_hal_smartcard.o
LOAD ./3BSP/STM32G0xx_HAL_Driver/Src/stm32g0xx_hal_smbus_ex.o
LOAD ./3BSP/STM32G0xx_HAL_Driver/Src/stm32g0xx_hal_rtc_ex.o
LOAD ./3BSP/STM32G0xx_HAL_Driver/Src/stm32g0xx_hal_rtc.o
LOAD ./3BSP/STM32G0xx_HAL_Driver/Src/stm32g0xx_hal_usart_ex.o
LOAD ./3BSP/STM32G0xx_HAL_Driver/Src/stm32g0xx_ll_gpio.o
LOAD ./3BSP/STM32G0xx_HAL_Driver/Src/stm32g0xx_ll_dma.o
LOAD ./3BSP/STM32G0xx_HAL_Driver/Src/stm32g0xx_hal_tim_ex.o
LOAD ./3BSP/STM32G0xx_HAL_Driver/Src/stm32g0xx_hal_flash.o
LOAD ./3BSP/STM32G0xx_HAL_Driver/Src/stm32g0xx_hal_gpio.o
LOAD ./3BSP/STM32G0xx_HAL_Driver/Src/stm32g0xx_hal_adc.o
LOAD ./3BSP/STM32G0xx_HAL_Driver/Src/stm32g0xx_ll_utils.o
LOAD ./3BSP/STM32G0xx_HAL_Driver/Src/stm32g0xx_hal_cryp_ex.o
LOAD ./3BSP/STM32G0xx_HAL_Driver/Src/stm32g0xx_ll_rtc.o
LOAD ./3BSP/STM32G0xx_HAL_Driver/Src/stm32g0xx_hal_pwr_ex.o
LOAD ./3BSP/STM32G0xx_HAL_Driver/Src/stm32g0xx_hal_smbus.o
LOAD ./3BSP/STM32G0xx_HAL_Driver/Src/stm32g0xx_ll_crs.o
LOAD ./3BSP/STM32G0xx_HAL_Driver/Src/stm32g0xx_hal_dac.o
LOAD ./3BSP/STM32G0xx_HAL_Driver/Src/stm32g0xx_hal_crc_ex.o
LOAD ./3BSP/STM32G0xx_HAL_Driver/Src/stm32g0xx_hal_pcd_ex.o
LOAD ./3BSP/STM32G0xx_HAL_Driver/Src/stm32g0xx_ll_adc.o
LOAD ./3BSP/STM32G0xx_HAL_Driver/Src/stm32g0xx_hal_lptim.o
LOAD ./3BSP/STM32G0xx_HAL_Driver/Src/stm32g0xx_ll_tim.o
LOAD ./3BSP/STM32G0xx_HAL_Driver/Src/stm32g0xx_ll_usart.o
LOAD ./3BSP/STM32G0xx_HAL_Driver/Src/stm32g0xx_ll_lptim.o
LOAD ./3BSP/STM32G0xx_HAL_Driver/Src/stm32g0xx_hal_irda.o
LOAD ./3BSP/STM32G0xx_HAL_Driver/Src/stm32g0xx_hal_i2c.o
LOAD ./3BSP/STM32G0xx_HAL_Driver/Src/stm32g0xx_hal_rcc.o
LOAD ./3BSP/STM32G0xx_HAL_Driver/Src/stm32g0xx_hal_crc.o
LOAD ./3BSP/STM32G0xx_HAL_Driver/Src/stm32g0xx_ll_usb.o
LOAD ./3BSP/STM32G0xx_HAL_Driver/Src/stm32g0xx_hal_iwdg.o
LOAD ./3BSP/STM32G0xx_HAL_Driver/Src/stm32g0xx_hal_usart.o
LOAD ./3BSP/STM32G0xx_HAL_Driver/Src/stm32g0xx_hal_spi_ex.o
LOAD ./3BSP/STM32G0xx_HAL_Driver/Src/stm32g0xx_hal_dac_ex.o
LOAD ./3BSP/STM32G0xx_HAL_Driver/Src/stm32g0xx_hal_uart_ex.o
LOAD ./3BSP/STM32G0xx_HAL_Driver/Src/stm32g0xx_hal_cortex.o
LOAD ./3BSP/STM32G0xx_HAL_Driver/Src/stm32g0xx_hal_flash_ex.o
LOAD ./3BSP/STM32G0xx_HAL_Driver/Src/stm32g0xx_hal_cryp.o
LOAD ./3BSP/STM32G0xx_HAL_Driver/Src/stm32g0xx_hal_pwr.o
LOAD ./3BSP/STM32G0xx_HAL_Driver/Src/stm32g0xx_hal_tim.o
LOAD ./3BSP/STM32G0xx_HAL_Driver/Src/stm32g0xx_hal.o
LOAD ./3BSP/STM32G0xx_HAL_Driver/Src/stm32g0xx_ll_exti.o
LOAD ./3BSP/STM32G0xx_HAL_Driver/Src/stm32g0xx_ll_pwr.o
LOAD ./3BSP/STM32G0xx_HAL_Driver/Src/stm32g0xx_ll_dac.o
LOAD ./3BSP/STM32G0xx_HAL_Driver/Src/stm32g0xx_hal_spi.o
LOAD ./3BSP/STM32G0xx_HAL_Driver/Src/stm32g0xx_ll_lpuart.o
LOAD ./3BSP/STM32G0xx_HAL_Driver/Src/stm32g0xx_ll_i2c.o
LOAD ./3BSP/STM32G0xx_HAL_Driver/Src/stm32g0xx_ll_rcc.o
LOAD ./3BSP/STM32G0xx_HAL_Driver/Src/stm32g0xx_ll_comp.o
LOAD ./3BSP/STM32G0xx_HAL_Driver/Src/stm32g0xx_hal_i2s.o
LOAD ./3BSP/STM32G0xx_HAL_Driver/Src/stm32g0xx_hal_exti.o
LOAD ./3BSP/STM32G0xx_HAL_Driver/Src/stm32g0xx_hal_uart.o
LOAD ./3BSP/STM32G0xx_HAL_Driver/Src/stm32g0xx_hal_i2c_ex.o
LOAD ./3BSP/STM32G0xx_HAL_Driver/Src/stm32g0xx_hal_comp.o
LOAD ./3BSP/STM32G0xx_HAL_Driver/Src/stm32g0xx_hal_dma_ex.o
LOAD ./3BSP/STM32G0xx_HAL_Driver/Src/stm32g0xx_ll_rng.o
LOAD ./3BSP/STM32G0xx_HAL_Driver/Src/stm32g0xx_hal_smartcard_ex.o
LOAD ./3BSP/STM32G0xx_HAL_Driver/Src/stm32g0xx_hal_wwdg.o
LOAD ./3BSP/STM32G0xx_HAL_Driver/Src/stm32g0xx_ll_ucpd.o
LOAD ./3BSP/qassert.o
LOAD ./1middle/eio_pin.o
LOAD ./3BSP/mcu/startup_stm32g070rbtx.o
LOAD /usr/lib/gcc/arm-none-eabi/14.2.0/../../../../arm-none-eabi/lib/thumb/v6-m/nofp/libm.a
LOAD /usr/lib/gcc/arm-none-eabi/14.2.0/../../../../arm-none-eabi/lib/thumb/v6-m/nofp/libc.a
LOAD /usr/lib/gcc/arm-none-eabi/14.2.0/../../../../arm-none-eabi/lib/thumb/v6-m/nofp/librdimon.a
LOAD /usr/lib/gcc/arm-none-eabi/14.2.0/../../../../arm-none-eabi/lib/thumb/v6-m/nofp/libc.a
LOAD /usr/lib/gcc/arm-none-eabi/14.2.0/../../../../arm-none-eabi/lib/thumb/v6-m/nofp/libnosys.a
START GROUP
LOAD /usr/lib/gcc/arm-none-eabi/14.2.0/thumb/v6-m/nofp/libgcc.a
LOAD /usr/lib/gcc/arm-none-eabi/14.2.0/../../../../arm-none-eabi/lib/thumb/v6-m/nofp/libc.a
END GROUP
START GROUP
LOAD /usr/lib/gcc/arm-none-eabi/14.2.0/thumb/v6-m/nofp/libgcc.a
LOAD /usr/lib/gcc/arm-none-eabi/14.2.0/../../../../arm-none-eabi/lib/thumb/v6-m/nofp/libc.a
LOAD /usr/lib/gcc/arm-none-eabi/14.2.0/../../../../arm-none-eabi/lib/thumb/v6-m/nofp/librdimon.a
END GROUP
LOAD /usr/lib/gcc/arm-none-eabi/14.2.0/thumb/v6-m/nofp/crtend.o
LOAD /usr/lib/gcc/arm-none-eabi/14.2.0/thumb/v6-m/nofp/crtn.o
                0x20009000                        _estack = (ORIGIN (RAM) + LENGTH (RAM))
                0x00000200                        _Min_Heap_Size = 0x200
                0x00000400                        _Min_Stack_Size = 0x400

.isr_vector     0x08000000       0xb8
                0x08000000                        . = ALIGN (0x4)
 *(.isr_vector)
 .isr_vector    0x08000000       0xb8 ./3BSP/mcu/startup_stm32g070rbtx.o
                0x08000000                g_pfnVectors
                0x080000b8                        . = ALIGN (0x4)

.text           0x080000b8     0xaddc
                0x080000b8                        . = ALIGN (0x4)
 *(.text)
 .text          0x080000b8       0x88 /usr/lib/gcc/arm-none-eabi/14.2.0/../../../../arm-none-eabi/lib/thumb/v6-m/nofp/libc.a(libc_a-strcmp.o)
                0x080000b8                strcmp
 .text          0x08000140       0x8c /usr/lib/gcc/arm-none-eabi/14.2.0/thumb/v6-m/nofp/libgcc.a(_udivsi3.o)
                0x08000140                __udivsi3
                0x08000140                __aeabi_uidiv
                0x080001b8                __aeabi_uidivmod
 .text          0x080001cc       0xa8 /usr/lib/gcc/arm-none-eabi/14.2.0/thumb/v6-m/nofp/libgcc.a(_divsi3.o)
                0x080001cc                __aeabi_idiv
                0x080001cc                __divsi3
                0x08000260                __aeabi_idivmod
 .text          0x08000274        0x4 /usr/lib/gcc/arm-none-eabi/14.2.0/thumb/v6-m/nofp/libgcc.a(_dvmd_tls.o)
                0x08000274                __aeabi_ldiv0
                0x08000274                __aeabi_idiv0
 .text          0x08000278       0x7c /usr/lib/gcc/arm-none-eabi/14.2.0/thumb/v6-m/nofp/libgcc.a(_arm_cmpdf2.o)
                0x08000278                __aeabi_cdrcmple
                0x08000288                __aeabi_cdcmple
                0x08000288                __aeabi_cdcmpeq
                0x08000298                __aeabi_dcmpeq
                0x080002a4                __aeabi_dcmplt
                0x080002b8                __aeabi_dcmple
                0x080002cc                __aeabi_dcmpgt
                0x080002e0                __aeabi_dcmpge
 .text          0x080002f4       0x40 /usr/lib/gcc/arm-none-eabi/14.2.0/thumb/v6-m/nofp/libgcc.a(_aeabi_uldivmod.o)
                0x080002f4                __aeabi_uldivmod
 .text          0x08000334       0x14 /usr/lib/gcc/arm-none-eabi/14.2.0/thumb/v6-m/nofp/libgcc.a(_thumb1_case_uhi.o)
                0x08000334                __gnu_thumb1_case_uhi
 .text          0x08000348       0x18 /usr/lib/gcc/arm-none-eabi/14.2.0/thumb/v6-m/nofp/libgcc.a(_lshrdi3.o)
                0x08000348                __aeabi_llsr
                0x08000348                __lshrdi3
 .text          0x08000360       0x18 /usr/lib/gcc/arm-none-eabi/14.2.0/thumb/v6-m/nofp/libgcc.a(_ashldi3.o)
                0x08000360                __ashldi3
                0x08000360                __aeabi_llsl
 .text          0x08000378       0x3c /usr/lib/gcc/arm-none-eabi/14.2.0/thumb/v6-m/nofp/libgcc.a(_clzsi2.o)
                0x08000378                __clzsi2
 .text          0x080003b4       0x18 /usr/lib/gcc/arm-none-eabi/14.2.0/thumb/v6-m/nofp/libgcc.a(_clzdi2.o)
                0x080003b4                __clzdi2
 *(.text*)
 .text.__do_global_dtors_aux
                0x080003cc       0x28 /usr/lib/gcc/arm-none-eabi/14.2.0/thumb/v6-m/nofp/crtbegin.o
 .text.frame_dummy
                0x080003f4       0x20 /usr/lib/gcc/arm-none-eabi/14.2.0/thumb/v6-m/nofp/crtbegin.o
 .text.main     0x08000414       0x24 ./0app/main.o
                0x08000414                main
 .text.led_init
                0x08000438       0x44 ./0app/led.o
 .text.led_poll
                0x0800047c       0x44 ./0app/led.o
 .text.eio_pin_driver_init
                0x080004c0      0x10c ./2Driver/driver_pin.o
 .text._init    0x080005cc       0x62 ./2Driver/driver_pin.o
 *fill*         0x0800062e        0x2 
 .text._set_mode
                0x08000630       0xe8 ./2Driver/driver_pin.o
 .text._get_status
                0x08000718       0x50 ./2Driver/driver_pin.o
 .text._set_status
                0x08000768       0x44 ./2Driver/driver_pin.o
 .text.run      0x080007ac       0x44 ./2Driver/eba_export.o
                0x080007ac                run
 .text._get_init_export_table
                0x080007f0       0xc8 ./2Driver/eba_export.o
 .text._get_poll_export_table
                0x080008b8       0xe8 ./2Driver/eba_export.o
 .text._init_func_execute
                0x080009a0       0xac ./2Driver/eba_export.o
 .text._poll_func_execute
                0x08000a4c       0xb4 ./2Driver/eba_export.o
 .text.module_null_init
                0x08000b00        0xa ./2Driver/eba_export.o
 .text.bsp_init
                0x08000b0a       0x12 ./3BSP/bsp.o
                0x08000b0a                bsp_init
 .text._system_clock_config
                0x08000b1c       0xb4 ./3BSP/bsp.o
 .text._error_handler
                0x08000bd0        0xc ./3BSP/bsp.o
 .text.elab_time_ms
                0x08000bdc       0x14 ./3BSP/elab_time.o
                0x08000bdc                elab_time_ms
 .text.SysTick_Handler
                0x08000bf0       0x18 ./3BSP/elab_time.o
                0x08000bf0                SysTick_Handler
 .text.SystemInit
                0x08000c08        0xa ./3BSP/mcu/system_stm32g0xx.o
                0x08000c08                SystemInit
 *fill*         0x08000c12        0x2 
 .text.HAL_GPIO_Init
                0x08000c14      0x2c8 ./3BSP/STM32G0xx_HAL_Driver/Src/stm32g0xx_hal_gpio.o
                0x08000c14                HAL_GPIO_Init
 .text.HAL_GPIO_ReadPin
                0x08000edc       0x3a ./3BSP/STM32G0xx_HAL_Driver/Src/stm32g0xx_hal_gpio.o
                0x08000edc                HAL_GPIO_ReadPin
 .text.HAL_GPIO_WritePin
                0x08000f16       0x3a ./3BSP/STM32G0xx_HAL_Driver/Src/stm32g0xx_hal_gpio.o
                0x08000f16                HAL_GPIO_WritePin
 .text.HAL_PWREx_ControlVoltageScaling
                0x08000f50       0x80 ./3BSP/STM32G0xx_HAL_Driver/Src/stm32g0xx_hal_pwr_ex.o
                0x08000f50                HAL_PWREx_ControlVoltageScaling
 .text.HAL_RCC_OscConfig
                0x08000fd0      0x620 ./3BSP/STM32G0xx_HAL_Driver/Src/stm32g0xx_hal_rcc.o
                0x08000fd0                HAL_RCC_OscConfig
 .text.HAL_RCC_ClockConfig
                0x080015f0      0x210 ./3BSP/STM32G0xx_HAL_Driver/Src/stm32g0xx_hal_rcc.o
                0x080015f0                HAL_RCC_ClockConfig
 .text.HAL_RCC_GetSysClockFreq
                0x08001800      0x104 ./3BSP/STM32G0xx_HAL_Driver/Src/stm32g0xx_hal_rcc.o
                0x08001800                HAL_RCC_GetSysClockFreq
 .text.__NVIC_SetPriority
                0x08001904       0xdc ./3BSP/STM32G0xx_HAL_Driver/Src/stm32g0xx_hal_cortex.o
 .text.SysTick_Config
                0x080019e0       0x48 ./3BSP/STM32G0xx_HAL_Driver/Src/stm32g0xx_hal_cortex.o
 .text.HAL_NVIC_SetPriority
                0x08001a28       0x2a ./3BSP/STM32G0xx_HAL_Driver/Src/stm32g0xx_hal_cortex.o
                0x08001a28                HAL_NVIC_SetPriority
 .text.HAL_SYSTICK_Config
                0x08001a52       0x1a ./3BSP/STM32G0xx_HAL_Driver/Src/stm32g0xx_hal_cortex.o
                0x08001a52                HAL_SYSTICK_Config
 .text.HAL_Init
                0x08001a6c       0x40 ./3BSP/STM32G0xx_HAL_Driver/Src/stm32g0xx_hal.o
                0x08001a6c                HAL_Init
 .text.HAL_MspInit
                0x08001aac        0xa ./3BSP/STM32G0xx_HAL_Driver/Src/stm32g0xx_hal.o
                0x08001aac                HAL_MspInit
 *fill*         0x08001ab6        0x2 
 .text.HAL_InitTick
                0x08001ab8       0x94 ./3BSP/STM32G0xx_HAL_Driver/Src/stm32g0xx_hal.o
                0x08001ab8                HAL_InitTick
 .text.HAL_GetTick
                0x08001b4c       0x14 ./3BSP/STM32G0xx_HAL_Driver/Src/stm32g0xx_hal.o
                0x08001b4c                HAL_GetTick
 .text.Q_onAssert
                0x08001b60       0x20 ./3BSP/qassert.o
                0x08001b60                Q_onAssert
 .text.eio_pin_register
                0x08001b80       0xa0 ./1middle/eio_pin.o
                0x08001b80                eio_pin_register
 .text.eio_pin_find
                0x08001c20       0x68 ./1middle/eio_pin.o
                0x08001c20                eio_pin_find
 .text.eio_pin_set_mode
                0x08001c88       0x44 ./1middle/eio_pin.o
                0x08001c88                eio_pin_set_mode
 .text.eio_pin_get_status
                0x08001ccc       0x3c ./1middle/eio_pin.o
                0x08001ccc                eio_pin_get_status
 .text.eio_pin_set_status
                0x08001d08       0x80 ./1middle/eio_pin.o
                0x08001d08                eio_pin_set_status
 .text.Reset_Handler
                0x08001d88       0x50 ./3BSP/mcu/startup_stm32g070rbtx.o
                0x08001d88                Reset_Handler
 .text.Default_Handler
                0x08001dd8        0x2 ./3BSP/mcu/startup_stm32g070rbtx.o
                0x08001dd8                TIM1_CC_IRQHandler
                0x08001dd8                HardFault_Handler
                0x08001dd8                TIM6_IRQHandler
                0x08001dd8                PendSV_Handler
                0x08001dd8                NMI_Handler
                0x08001dd8                I2C1_IRQHandler
                0x08001dd8                RTC_TAMP_IRQHandler
                0x08001dd8                SPI1_IRQHandler
                0x08001dd8                USART3_4_IRQHandler
                0x08001dd8                EXTI2_3_IRQHandler
                0x08001dd8                ADC1_IRQHandler
                0x08001dd8                I2C2_IRQHandler
                0x08001dd8                TIM17_IRQHandler
                0x08001dd8                TIM16_IRQHandler
                0x08001dd8                TIM3_IRQHandler
                0x08001dd8                EXTI4_15_IRQHandler
                0x08001dd8                RCC_IRQHandler
                0x08001dd8                DMA1_Channel1_IRQHandler
                0x08001dd8                Default_Handler
                0x08001dd8                TIM14_IRQHandler
                0x08001dd8                TIM7_IRQHandler
                0x08001dd8                TIM15_IRQHandler
                0x08001dd8                EXTI0_1_IRQHandler
                0x08001dd8                SPI2_IRQHandler
                0x08001dd8                SVC_Handler
                0x08001dd8                WWDG_IRQHandler
                0x08001dd8                DMA1_Ch4_7_DMAMUX1_OVR_IRQHandler
                0x08001dd8                DMA1_Channel2_3_IRQHandler
                0x08001dd8                USART2_IRQHandler
                0x08001dd8                FLASH_IRQHandler
                0x08001dd8                USART1_IRQHandler
                0x08001dd8                TIM1_BRK_UP_TRG_COM_IRQHandler
 *fill*         0x08001dda        0x2 
 .text.atexit   0x08001ddc       0x10 /usr/lib/gcc/arm-none-eabi/14.2.0/../../../../arm-none-eabi/lib/thumb/v6-m/nofp/libc.a(libc_a-atexit.o)
                0x08001ddc                atexit
 .text.stdio_exit_handler
                0x08001dec       0x1c /usr/lib/gcc/arm-none-eabi/14.2.0/../../../../arm-none-eabi/lib/thumb/v6-m/nofp/libc.a(libc_a-findfp.o)
 .text.cleanup_stdio
                0x08001e08       0x3c /usr/lib/gcc/arm-none-eabi/14.2.0/../../../../arm-none-eabi/lib/thumb/v6-m/nofp/libc.a(libc_a-findfp.o)
 .text.global_stdio_init.part.0
                0x08001e44      0x118 /usr/lib/gcc/arm-none-eabi/14.2.0/../../../../arm-none-eabi/lib/thumb/v6-m/nofp/libc.a(libc_a-findfp.o)
 .text.__sinit  0x08001f5c       0x38 /usr/lib/gcc/arm-none-eabi/14.2.0/../../../../arm-none-eabi/lib/thumb/v6-m/nofp/libc.a(libc_a-findfp.o)
                0x08001f5c                __sinit
 .text.__sfp_lock_acquire
                0x08001f94       0x10 /usr/lib/gcc/arm-none-eabi/14.2.0/../../../../arm-none-eabi/lib/thumb/v6-m/nofp/libc.a(libc_a-findfp.o)
                0x08001f94                __sfp_lock_acquire
 .text.__sfp_lock_release
                0x08001fa4       0x10 /usr/lib/gcc/arm-none-eabi/14.2.0/../../../../arm-none-eabi/lib/thumb/v6-m/nofp/libc.a(libc_a-findfp.o)
                0x08001fa4                __sfp_lock_release
 .text._fwalk_sglue
                0x08001fb4       0x44 /usr/lib/gcc/arm-none-eabi/14.2.0/../../../../arm-none-eabi/lib/thumb/v6-m/nofp/libc.a(libc_a-fwalk.o)
                0x08001fb4                _fwalk_sglue
 .text.printf   0x08001ff8       0x24 /usr/lib/gcc/arm-none-eabi/14.2.0/../../../../arm-none-eabi/lib/thumb/v6-m/nofp/libc.a(libc_a-printf.o)
                0x08001ff8                printf
 .text._puts_r  0x0800201c       0xc8 /usr/lib/gcc/arm-none-eabi/14.2.0/../../../../arm-none-eabi/lib/thumb/v6-m/nofp/libc.a(libc_a-puts.o)
                0x0800201c                _puts_r
 .text.puts     0x080020e4       0x14 /usr/lib/gcc/arm-none-eabi/14.2.0/../../../../arm-none-eabi/lib/thumb/v6-m/nofp/libc.a(libc_a-puts.o)
                0x080020e4                puts
 .text.__sread  0x080020f8       0x28 /usr/lib/gcc/arm-none-eabi/14.2.0/../../../../arm-none-eabi/lib/thumb/v6-m/nofp/libc.a(libc_a-stdio.o)
                0x080020f8                __sread
 .text.__swrite
                0x08002120       0x40 /usr/lib/gcc/arm-none-eabi/14.2.0/../../../../arm-none-eabi/lib/thumb/v6-m/nofp/libc.a(libc_a-stdio.o)
                0x08002120                __swrite
 .text.__sseek  0x08002160       0x2c /usr/lib/gcc/arm-none-eabi/14.2.0/../../../../arm-none-eabi/lib/thumb/v6-m/nofp/libc.a(libc_a-stdio.o)
                0x08002160                __sseek
 .text.__sclose
                0x0800218c        0xc /usr/lib/gcc/arm-none-eabi/14.2.0/../../../../arm-none-eabi/lib/thumb/v6-m/nofp/libc.a(libc_a-stdio.o)
                0x0800218c                __sclose
 .text.memset   0x08002198       0x94 /usr/lib/gcc/arm-none-eabi/14.2.0/../../../../arm-none-eabi/lib/thumb/v6-m/nofp/libc.a(libc_a-memset.o)
                0x08002198                memset
 .text._close_r
                0x0800222c       0x24 /usr/lib/gcc/arm-none-eabi/14.2.0/../../../../arm-none-eabi/lib/thumb/v6-m/nofp/libc.a(libc_a-closer.o)
                0x0800222c                _close_r
 .text._lseek_r
                0x08002250       0x28 /usr/lib/gcc/arm-none-eabi/14.2.0/../../../../arm-none-eabi/lib/thumb/v6-m/nofp/libc.a(libc_a-lseekr.o)
                0x08002250                _lseek_r
 .text._read_r  0x08002278       0x28 /usr/lib/gcc/arm-none-eabi/14.2.0/../../../../arm-none-eabi/lib/thumb/v6-m/nofp/libc.a(libc_a-readr.o)
                0x08002278                _read_r
 .text._write_r
                0x080022a0       0x28 /usr/lib/gcc/arm-none-eabi/14.2.0/../../../../arm-none-eabi/lib/thumb/v6-m/nofp/libc.a(libc_a-writer.o)
                0x080022a0                _write_r
 .text.__libc_init_array
                0x080022c8       0x48 /usr/lib/gcc/arm-none-eabi/14.2.0/../../../../arm-none-eabi/lib/thumb/v6-m/nofp/libc.a(libc_a-init.o)
                0x080022c8                __libc_init_array
 .text.__libc_fini_array
                0x08002310       0x28 /usr/lib/gcc/arm-none-eabi/14.2.0/../../../../arm-none-eabi/lib/thumb/v6-m/nofp/libc.a(libc_a-fini.o)
                0x08002310                __libc_fini_array
 .text.__retarget_lock_init_recursive
                0x08002338        0x4 /usr/lib/gcc/arm-none-eabi/14.2.0/../../../../arm-none-eabi/lib/thumb/v6-m/nofp/libc.a(libc_a-lock.o)
                0x08002338                __retarget_lock_init_recursive
 .text.__retarget_lock_close_recursive
                0x0800233c        0x4 /usr/lib/gcc/arm-none-eabi/14.2.0/../../../../arm-none-eabi/lib/thumb/v6-m/nofp/libc.a(libc_a-lock.o)
                0x0800233c                __retarget_lock_close_recursive
 .text.__retarget_lock_acquire_recursive
                0x08002340        0x4 /usr/lib/gcc/arm-none-eabi/14.2.0/../../../../arm-none-eabi/lib/thumb/v6-m/nofp/libc.a(libc_a-lock.o)
                0x08002340                __retarget_lock_acquire_recursive
 .text.__retarget_lock_release_recursive
                0x08002344        0x4 /usr/lib/gcc/arm-none-eabi/14.2.0/../../../../arm-none-eabi/lib/thumb/v6-m/nofp/libc.a(libc_a-lock.o)
                0x08002344                __retarget_lock_release_recursive
 .text.strlen   0x08002348       0x5c /usr/lib/gcc/arm-none-eabi/14.2.0/../../../../arm-none-eabi/lib/thumb/v6-m/nofp/libc.a(libc_a-strlen-stub.o)
                0x08002348                strlen
 .text.__register_exitproc
                0x080023a4       0xa8 /usr/lib/gcc/arm-none-eabi/14.2.0/../../../../arm-none-eabi/lib/thumb/v6-m/nofp/libc.a(libc_a-__atexit.o)
                0x080023a4                __register_exitproc
 .text.startup.register_fini
                0x0800244c       0x18 /usr/lib/gcc/arm-none-eabi/14.2.0/../../../../arm-none-eabi/lib/thumb/v6-m/nofp/libc.a(libc_a-__call_atexit.o)
 .text._malloc_trim_r
                0x08002464       0xb4 /usr/lib/gcc/arm-none-eabi/14.2.0/../../../../arm-none-eabi/lib/thumb/v6-m/nofp/libc.a(libc_a-freer.o)
                0x08002464                _malloc_trim_r
 .text._free_r  0x08002518      0x1f0 /usr/lib/gcc/arm-none-eabi/14.2.0/../../../../arm-none-eabi/lib/thumb/v6-m/nofp/libc.a(libc_a-freer.o)
                0x08002518                _free_r
 .text._malloc_r
                0x08002708      0x5cc /usr/lib/gcc/arm-none-eabi/14.2.0/../../../../arm-none-eabi/lib/thumb/v6-m/nofp/libc.a(libc_a-mallocr.o)
                0x08002708                _malloc_r
 .text.__malloc_lock
                0x08002cd4       0x10 /usr/lib/gcc/arm-none-eabi/14.2.0/../../../../arm-none-eabi/lib/thumb/v6-m/nofp/libc.a(libc_a-mlock.o)
                0x08002cd4                __malloc_lock
 .text.__malloc_unlock
                0x08002ce4       0x10 /usr/lib/gcc/arm-none-eabi/14.2.0/../../../../arm-none-eabi/lib/thumb/v6-m/nofp/libc.a(libc_a-mlock.o)
                0x08002ce4                __malloc_unlock
 .text._vfprintf_r
                0x08002cf4     0x23c4 /usr/lib/gcc/arm-none-eabi/14.2.0/../../../../arm-none-eabi/lib/thumb/v6-m/nofp/libc.a(libc_a-vfprintf.o)
                0x08002cf4                _vfprintf_r
 .text.__sbprintf
                0x080050b8       0x8c /usr/lib/gcc/arm-none-eabi/14.2.0/../../../../arm-none-eabi/lib/thumb/v6-m/nofp/libc.a(libc_a-vfprintf.o)
 .text.__sprint_r
                0x08005144       0x20 /usr/lib/gcc/arm-none-eabi/14.2.0/../../../../arm-none-eabi/lib/thumb/v6-m/nofp/libc.a(libc_a-sprint_r.o)
                0x08005144                __sprint_r
 .text._fclose_r
                0x08005164       0xcc /usr/lib/gcc/arm-none-eabi/14.2.0/../../../../arm-none-eabi/lib/thumb/v6-m/nofp/libc.a(libc_a-fclose.o)
                0x08005164                _fclose_r
 .text.__sflush_r
                0x08005230      0x13c /usr/lib/gcc/arm-none-eabi/14.2.0/../../../../arm-none-eabi/lib/thumb/v6-m/nofp/libc.a(libc_a-fflush.o)
                0x08005230                __sflush_r
 .text._fflush_r
                0x0800536c       0x68 /usr/lib/gcc/arm-none-eabi/14.2.0/../../../../arm-none-eabi/lib/thumb/v6-m/nofp/libc.a(libc_a-fflush.o)
                0x0800536c                _fflush_r
 .text.__sfvwrite_r
                0x080053d4      0x2e8 /usr/lib/gcc/arm-none-eabi/14.2.0/../../../../arm-none-eabi/lib/thumb/v6-m/nofp/libc.a(libc_a-fvwrite.o)
                0x080053d4                __sfvwrite_r
 .text.__swsetup_r
                0x080056bc      0x100 /usr/lib/gcc/arm-none-eabi/14.2.0/../../../../arm-none-eabi/lib/thumb/v6-m/nofp/libc.a(libc_a-wsetup.o)
                0x080056bc                __swsetup_r
 .text.memmove  0x080057bc       0xc4 /usr/lib/gcc/arm-none-eabi/14.2.0/../../../../arm-none-eabi/lib/thumb/v6-m/nofp/libc.a(libc_a-memmove.o)
                0x080057bc                memmove
 .text.strncpy  0x08005880       0x5c /usr/lib/gcc/arm-none-eabi/14.2.0/../../../../arm-none-eabi/lib/thumb/v6-m/nofp/libc.a(libc_a-strncpy.o)
                0x08005880                strncpy
 .text._localeconv_r
                0x080058dc        0x8 /usr/lib/gcc/arm-none-eabi/14.2.0/../../../../arm-none-eabi/lib/thumb/v6-m/nofp/libc.a(libc_a-localeconv.o)
                0x080058dc                _localeconv_r
 .text._sbrk_r  0x080058e4       0x24 /usr/lib/gcc/arm-none-eabi/14.2.0/../../../../arm-none-eabi/lib/thumb/v6-m/nofp/libc.a(libc_a-sbrkr.o)
                0x080058e4                _sbrk_r
 .text.sysconf  0x08005908       0x1c /usr/lib/gcc/arm-none-eabi/14.2.0/../../../../arm-none-eabi/lib/thumb/v6-m/nofp/libc.a(libc_a-sysconf.o)
                0x08005908                sysconf
 .text.memchr   0x08005924       0x7c /usr/lib/gcc/arm-none-eabi/14.2.0/../../../../arm-none-eabi/lib/thumb/v6-m/nofp/libc.a(libc_a-memchr-stub.o)
                0x08005924                memchr
 .text.memcpy   0x080059a0       0xac /usr/lib/gcc/arm-none-eabi/14.2.0/../../../../arm-none-eabi/lib/thumb/v6-m/nofp/libc.a(libc_a-memcpy-stub.o)
                0x080059a0                memcpy
 .text.frexp    0x08005a4c       0x68 /usr/lib/gcc/arm-none-eabi/14.2.0/../../../../arm-none-eabi/lib/thumb/v6-m/nofp/libc.a(libm_a-s_frexp.o)
                0x08005a4c                frexp
 .text.quorem   0x08005ab4      0x150 /usr/lib/gcc/arm-none-eabi/14.2.0/../../../../arm-none-eabi/lib/thumb/v6-m/nofp/libc.a(libc_a-dtoa.o)
 .text._dtoa_r  0x08005c04     0x1110 /usr/lib/gcc/arm-none-eabi/14.2.0/../../../../arm-none-eabi/lib/thumb/v6-m/nofp/libc.a(libc_a-dtoa.o)
                0x08005c04                _dtoa_r
 .text._Balloc  0x08006d14       0x50 /usr/lib/gcc/arm-none-eabi/14.2.0/../../../../arm-none-eabi/lib/thumb/v6-m/nofp/libc.a(libc_a-mprec.o)
                0x08006d14                _Balloc
 .text._Bfree   0x08006d64       0x14 /usr/lib/gcc/arm-none-eabi/14.2.0/../../../../arm-none-eabi/lib/thumb/v6-m/nofp/libc.a(libc_a-mprec.o)
                0x08006d64                _Bfree
 .text.__multadd
                0x08006d78       0xa4 /usr/lib/gcc/arm-none-eabi/14.2.0/../../../../arm-none-eabi/lib/thumb/v6-m/nofp/libc.a(libc_a-mprec.o)
                0x08006d78                __multadd
 .text.__hi0bits
                0x08006e1c       0x60 /usr/lib/gcc/arm-none-eabi/14.2.0/../../../../arm-none-eabi/lib/thumb/v6-m/nofp/libc.a(libc_a-mprec.o)
                0x08006e1c                __hi0bits
 .text.__lo0bits
                0x08006e7c       0x90 /usr/lib/gcc/arm-none-eabi/14.2.0/../../../../arm-none-eabi/lib/thumb/v6-m/nofp/libc.a(libc_a-mprec.o)
                0x08006e7c                __lo0bits
 .text.__i2b    0x08006f0c       0x60 /usr/lib/gcc/arm-none-eabi/14.2.0/../../../../arm-none-eabi/lib/thumb/v6-m/nofp/libc.a(libc_a-mprec.o)
                0x08006f0c                __i2b
 .text.__multiply
                0x08006f6c      0x1b0 /usr/lib/gcc/arm-none-eabi/14.2.0/../../../../arm-none-eabi/lib/thumb/v6-m/nofp/libc.a(libc_a-mprec.o)
                0x08006f6c                __multiply
 .text.__pow5mult
                0x0800711c       0xd8 /usr/lib/gcc/arm-none-eabi/14.2.0/../../../../arm-none-eabi/lib/thumb/v6-m/nofp/libc.a(libc_a-mprec.o)
                0x0800711c                __pow5mult
 .text.__lshift
                0x080071f4       0xfc /usr/lib/gcc/arm-none-eabi/14.2.0/../../../../arm-none-eabi/lib/thumb/v6-m/nofp/libc.a(libc_a-mprec.o)
                0x080071f4                __lshift
 .text.__mcmp   0x080072f0       0x3c /usr/lib/gcc/arm-none-eabi/14.2.0/../../../../arm-none-eabi/lib/thumb/v6-m/nofp/libc.a(libc_a-mprec.o)
                0x080072f0                __mcmp
 .text.__mdiff  0x0800732c      0x1a8 /usr/lib/gcc/arm-none-eabi/14.2.0/../../../../arm-none-eabi/lib/thumb/v6-m/nofp/libc.a(libc_a-mprec.o)
                0x0800732c                __mdiff
 .text.__d2b    0x080074d4       0xc4 /usr/lib/gcc/arm-none-eabi/14.2.0/../../../../arm-none-eabi/lib/thumb/v6-m/nofp/libc.a(libc_a-mprec.o)
                0x080074d4                __d2b
 .text._realloc_r
                0x08007598      0x350 /usr/lib/gcc/arm-none-eabi/14.2.0/../../../../arm-none-eabi/lib/thumb/v6-m/nofp/libc.a(libc_a-reallocr.o)
                0x08007598                _realloc_r
 .text.__smakebuf_r
                0x080078e8       0xd4 /usr/lib/gcc/arm-none-eabi/14.2.0/../../../../arm-none-eabi/lib/thumb/v6-m/nofp/libc.a(libc_a-makebuf.o)
                0x080078e8                __smakebuf_r
 .text._fstat_r
                0x080079bc       0x28 /usr/lib/gcc/arm-none-eabi/14.2.0/../../../../arm-none-eabi/lib/thumb/v6-m/nofp/libc.a(libc_a-fstatr.o)
                0x080079bc                _fstat_r
 .text._isatty_r
                0x080079e4       0x24 /usr/lib/gcc/arm-none-eabi/14.2.0/../../../../arm-none-eabi/lib/thumb/v6-m/nofp/libc.a(libc_a-isattyr.o)
                0x080079e4                _isatty_r
 .text.__errno  0x08007a08        0xc /usr/lib/gcc/arm-none-eabi/14.2.0/../../../../arm-none-eabi/lib/thumb/v6-m/nofp/libc.a(libc_a-errno.o)
                0x08007a08                __errno
 .text.__assert_func
                0x08007a14       0x40 /usr/lib/gcc/arm-none-eabi/14.2.0/../../../../arm-none-eabi/lib/thumb/v6-m/nofp/libc.a(libc_a-assert.o)
                0x08007a14                __assert_func
 .text._calloc_r
                0x08007a54       0xa8 /usr/lib/gcc/arm-none-eabi/14.2.0/../../../../arm-none-eabi/lib/thumb/v6-m/nofp/libc.a(libc_a-callocr.o)
                0x08007a54                _calloc_r
 .text.__ascii_mbtowc
                0x08007afc       0x2c /usr/lib/gcc/arm-none-eabi/14.2.0/../../../../arm-none-eabi/lib/thumb/v6-m/nofp/libc.a(libc_a-mbtowc_r.o)
                0x08007afc                __ascii_mbtowc
 .text.__ascii_wctomb
                0x08007b28       0x1c /usr/lib/gcc/arm-none-eabi/14.2.0/../../../../arm-none-eabi/lib/thumb/v6-m/nofp/libc.a(libc_a-wctomb_r.o)
                0x08007b28                __ascii_wctomb
 .text.fiprintf
                0x08007b44       0x24 /usr/lib/gcc/arm-none-eabi/14.2.0/../../../../arm-none-eabi/lib/thumb/v6-m/nofp/libc.a(libc_a-fiprintf.o)
                0x08007b44                fiprintf
 .text._vfiprintf_r
                0x08007b68     0x1108 /usr/lib/gcc/arm-none-eabi/14.2.0/../../../../arm-none-eabi/lib/thumb/v6-m/nofp/libc.a(libc_a-vfiprintf.o)
                0x08007b68                _vfiprintf_r
 .text.__sbprintf
                0x08008c70       0x8c /usr/lib/gcc/arm-none-eabi/14.2.0/../../../../arm-none-eabi/lib/thumb/v6-m/nofp/libc.a(libc_a-vfiprintf.o)
 .text.abort    0x08008cfc       0x10 /usr/lib/gcc/arm-none-eabi/14.2.0/../../../../arm-none-eabi/lib/thumb/v6-m/nofp/libc.a(libc_a-abort.o)
                0x08008cfc                abort
 .text.raise    0x08008d0c       0x5c /usr/lib/gcc/arm-none-eabi/14.2.0/../../../../arm-none-eabi/lib/thumb/v6-m/nofp/libc.a(libc_a-signal.o)
                0x08008d0c                raise
 .text._kill_r  0x08008d68       0x28 /usr/lib/gcc/arm-none-eabi/14.2.0/../../../../arm-none-eabi/lib/thumb/v6-m/nofp/libc.a(libc_a-signalr.o)
                0x08008d68                _kill_r
 .text._getpid_r
                0x08008d90        0x8 /usr/lib/gcc/arm-none-eabi/14.2.0/../../../../arm-none-eabi/lib/thumb/v6-m/nofp/libc.a(libc_a-signalr.o)
                0x08008d90                _getpid_r
 .text._exit    0x08008d98       0x14 /usr/lib/gcc/arm-none-eabi/14.2.0/../../../../arm-none-eabi/lib/thumb/v6-m/nofp/librdimon.a(arm_librdimon_a-_exit.o)
                0x08008d98                _exit
 .text._kill_shared
                0x08008dac       0x2c /usr/lib/gcc/arm-none-eabi/14.2.0/../../../../arm-none-eabi/lib/thumb/v6-m/nofp/librdimon.a(arm_librdimon_a-_kill.o)
                0x08008dac                _kill_shared
 .text._kill    0x08008dd8       0x1c /usr/lib/gcc/arm-none-eabi/14.2.0/../../../../arm-none-eabi/lib/thumb/v6-m/nofp/librdimon.a(arm_librdimon_a-_kill.o)
                0x08008dd8                _kill
 .text._read    0x08008df4       0x8c /usr/lib/gcc/arm-none-eabi/14.2.0/../../../../arm-none-eabi/lib/thumb/v6-m/nofp/librdimon.a(arm_librdimon_a-syscalls.o)
                0x08008df4                _read
 .text._swilseek
                0x08008e80       0xbc /usr/lib/gcc/arm-none-eabi/14.2.0/../../../../arm-none-eabi/lib/thumb/v6-m/nofp/librdimon.a(arm_librdimon_a-syscalls.o)
                0x08008e80                _swilseek
 .text._lseek   0x08008f3c        0x8 /usr/lib/gcc/arm-none-eabi/14.2.0/../../../../arm-none-eabi/lib/thumb/v6-m/nofp/librdimon.a(arm_librdimon_a-syscalls.o)
                0x08008f3c                _lseek
 .text._write   0x08008f44       0xac /usr/lib/gcc/arm-none-eabi/14.2.0/../../../../arm-none-eabi/lib/thumb/v6-m/nofp/librdimon.a(arm_librdimon_a-syscalls.o)
                0x08008f44                _write
 .text._close   0x08008ff0       0x90 /usr/lib/gcc/arm-none-eabi/14.2.0/../../../../arm-none-eabi/lib/thumb/v6-m/nofp/librdimon.a(arm_librdimon_a-syscalls.o)
                0x08008ff0                _close
 .text._getpid  0x08009080        0x4 /usr/lib/gcc/arm-none-eabi/14.2.0/../../../../arm-none-eabi/lib/thumb/v6-m/nofp/librdimon.a(arm_librdimon_a-syscalls.o)
                0x08009080                _getpid
 .text._sbrk    0x08009084       0x4c /usr/lib/gcc/arm-none-eabi/14.2.0/../../../../arm-none-eabi/lib/thumb/v6-m/nofp/librdimon.a(arm_librdimon_a-syscalls.o)
                0x08009084                _sbrk
 .text._swistat
                0x080090d0       0x7c /usr/lib/gcc/arm-none-eabi/14.2.0/../../../../arm-none-eabi/lib/thumb/v6-m/nofp/librdimon.a(arm_librdimon_a-syscalls.o)
                0x080090d0                _swistat
 .text._fstat   0x0800914c       0x1c /usr/lib/gcc/arm-none-eabi/14.2.0/../../../../arm-none-eabi/lib/thumb/v6-m/nofp/librdimon.a(arm_librdimon_a-syscalls.o)
                0x0800914c                _fstat
 .text._stat    0x08009168       0x40 /usr/lib/gcc/arm-none-eabi/14.2.0/../../../../arm-none-eabi/lib/thumb/v6-m/nofp/librdimon.a(arm_librdimon_a-syscalls.o)
                0x08009168                _stat
 .text._swiopen
                0x080091a8       0xf4 /usr/lib/gcc/arm-none-eabi/14.2.0/../../../../arm-none-eabi/lib/thumb/v6-m/nofp/librdimon.a(arm_librdimon_a-syscalls.o)
                0x080091a8                _swiopen
 .text._get_semihosting_exts
                0x0800929c      0x108 /usr/lib/gcc/arm-none-eabi/14.2.0/../../../../arm-none-eabi/lib/thumb/v6-m/nofp/librdimon.a(arm_librdimon_a-syscalls.o)
                0x0800929c                _get_semihosting_exts
 .text._has_ext_exit_extended
                0x080093a4       0x48 /usr/lib/gcc/arm-none-eabi/14.2.0/../../../../arm-none-eabi/lib/thumb/v6-m/nofp/librdimon.a(arm_librdimon_a-syscalls.o)
                0x080093a4                _has_ext_exit_extended
 .text.initialise_monitor_handles
                0x080093ec      0x16c /usr/lib/gcc/arm-none-eabi/14.2.0/../../../../arm-none-eabi/lib/thumb/v6-m/nofp/librdimon.a(arm_librdimon_a-syscalls.o)
                0x080093ec                initialise_monitor_handles
 .text._isatty  0x08009558       0x68 /usr/lib/gcc/arm-none-eabi/14.2.0/../../../../arm-none-eabi/lib/thumb/v6-m/nofp/librdimon.a(arm_librdimon_a-syscalls.o)
                0x08009558                _isatty
 .text.__udivmoddi4
                0x080095c0       0xea /usr/lib/gcc/arm-none-eabi/14.2.0/thumb/v6-m/nofp/libgcc.a(_udivmoddi4.o)
                0x080095c0                __udivmoddi4
 *fill*         0x080096aa        0x2 
 .text.__aeabi_dadd
                0x080096ac      0x590 /usr/lib/gcc/arm-none-eabi/14.2.0/thumb/v6-m/nofp/libgcc.a(adddf3.o)
                0x080096ac                __aeabi_dadd
 .text.__aeabi_ddiv
                0x08009c3c      0x50c /usr/lib/gcc/arm-none-eabi/14.2.0/thumb/v6-m/nofp/libgcc.a(divdf3.o)
                0x08009c3c                __aeabi_ddiv
 .text.__eqdf2  0x0800a148       0x84 /usr/lib/gcc/arm-none-eabi/14.2.0/thumb/v6-m/nofp/libgcc.a(eqdf2.o)
                0x0800a148                __eqdf2
                0x0800a148                __nedf2
 .text.__gedf2  0x0800a1cc       0xc8 /usr/lib/gcc/arm-none-eabi/14.2.0/thumb/v6-m/nofp/libgcc.a(gedf2.o)
                0x0800a1cc                __gtdf2
                0x0800a1cc                __gedf2
 .text.__ledf2  0x0800a294       0xc8 /usr/lib/gcc/arm-none-eabi/14.2.0/thumb/v6-m/nofp/libgcc.a(ledf2.o)
                0x0800a294                __ltdf2
                0x0800a294                __ledf2
 .text.__aeabi_dmul
                0x0800a35c      0x44c /usr/lib/gcc/arm-none-eabi/14.2.0/thumb/v6-m/nofp/libgcc.a(muldf3.o)
                0x0800a35c                __aeabi_dmul
 .text.__aeabi_dsub
                0x0800a7a8      0x5a4 /usr/lib/gcc/arm-none-eabi/14.2.0/thumb/v6-m/nofp/libgcc.a(subdf3.o)
                0x0800a7a8                __aeabi_dsub
 .text.__aeabi_dcmpun
                0x0800ad4c       0x3c /usr/lib/gcc/arm-none-eabi/14.2.0/thumb/v6-m/nofp/libgcc.a(unorddf2.o)
                0x0800ad4c                __aeabi_dcmpun
 .text.__aeabi_d2iz
                0x0800ad88       0x64 /usr/lib/gcc/arm-none-eabi/14.2.0/thumb/v6-m/nofp/libgcc.a(fixdfsi.o)
                0x0800ad88                __aeabi_d2iz
 .text.__aeabi_i2d
                0x0800adec       0x50 /usr/lib/gcc/arm-none-eabi/14.2.0/thumb/v6-m/nofp/libgcc.a(floatsidf.o)
                0x0800adec                __aeabi_i2d
 .text.__aeabi_ui2d
                0x0800ae3c       0x40 /usr/lib/gcc/arm-none-eabi/14.2.0/thumb/v6-m/nofp/libgcc.a(floatunsidf.o)
                0x0800ae3c                __aeabi_ui2d
 *(.glue_7)
 .glue_7        0x0800ae7c        0x0 linker stubs
 *(.glue_7t)
 .glue_7t       0x0800ae7c        0x0 linker stubs
 *(.eh_frame)
 .eh_frame      0x0800ae7c        0x0 /usr/lib/gcc/arm-none-eabi/14.2.0/thumb/v6-m/nofp/crtbegin.o
 *(.init)
 .init          0x0800ae7c        0x4 /usr/lib/gcc/arm-none-eabi/14.2.0/thumb/v6-m/nofp/crti.o
                0x0800ae7c                _init
 .init          0x0800ae80        0x8 /usr/lib/gcc/arm-none-eabi/14.2.0/thumb/v6-m/nofp/crtn.o
 *(.fini)
 .fini          0x0800ae88        0x4 /usr/lib/gcc/arm-none-eabi/14.2.0/thumb/v6-m/nofp/crti.o
                0x0800ae88                _fini
 .fini          0x0800ae8c        0x8 /usr/lib/gcc/arm-none-eabi/14.2.0/thumb/v6-m/nofp/crtn.o
                0x0800ae94                        . = ALIGN (0x4)
                0x0800ae94                        _etext = .

.vfp11_veneer   0x0800ae94        0x0
 .vfp11_veneer  0x0800ae94        0x0 linker stubs

.v4_bx          0x0800ae94        0x0
 .v4_bx         0x0800ae94        0x0 linker stubs

.iplt           0x0800ae94        0x0
 .iplt          0x0800ae94        0x0 /usr/lib/gcc/arm-none-eabi/14.2.0/thumb/v6-m/nofp/crtbegin.o

.rodata         0x0800ae98      0x858
                0x0800ae98                        . = ALIGN (0x4)
 *(.rodata)
 .rodata        0x0800ae98       0x15 ./0app/main.o
 *fill*         0x0800aead        0x3 
 .rodata        0x0800aeb0       0x19 ./0app/led.o
 *fill*         0x0800aec9        0x3 
 .rodata        0x0800aecc       0x24 ./2Driver/driver_pin.o
 .rodata        0x0800aef0       0x2d ./2Driver/eba_export.o
 *fill*         0x0800af1d        0x3 
 .rodata        0x0800af20       0x1c ./3BSP/qassert.o
 *(.rodata*)
 .rodata.Q_this_module_
                0x0800af3c        0xb ./0app/led.o
 *fill*         0x0800af47        0x1 
 .rodata.Q_this_module_
                0x0800af48       0x15 ./2Driver/driver_pin.o
 *fill*         0x0800af5d        0x3 
 .rodata.pin_driver_ops
                0x0800af60       0x10 ./2Driver/driver_pin.o
 .rodata.Q_this_module_
                0x0800af70       0x15 ./2Driver/eba_export.o
 *fill*         0x0800af85        0x3 
 .rodata.AHBPrescTable
                0x0800af88       0x40 ./3BSP/mcu/system_stm32g0xx.o
                0x0800af88                AHBPrescTable
 .rodata.Q_this_module_
                0x0800afc8       0x12 ./1middle/eio_pin.o
 *fill*         0x0800afda        0x2 
 .rodata._puts_r.str1.4
                0x0800afdc      0x160 /usr/lib/gcc/arm-none-eabi/14.2.0/../../../../arm-none-eabi/lib/thumb/v6-m/nofp/libc.a(libc_a-puts.o)
                                  0x2 (size before relaxing)
 .rodata._vfprintf_r.str1.4
                0x0800b13c       0x42 /usr/lib/gcc/arm-none-eabi/14.2.0/../../../../arm-none-eabi/lib/thumb/v6-m/nofp/libc.a(libc_a-vfprintf.o)
 .rodata._vfprintf_r
                0x0800b13c      0x204 /usr/lib/gcc/arm-none-eabi/14.2.0/../../../../arm-none-eabi/lib/thumb/v6-m/nofp/libc.a(libc_a-vfprintf.o)
 .rodata.zeroes.0
                0x0800b340       0x10 /usr/lib/gcc/arm-none-eabi/14.2.0/../../../../arm-none-eabi/lib/thumb/v6-m/nofp/libc.a(libc_a-vfprintf.o)
 .rodata.blanks.1
                0x0800b350       0x10 /usr/lib/gcc/arm-none-eabi/14.2.0/../../../../arm-none-eabi/lib/thumb/v6-m/nofp/libc.a(libc_a-vfprintf.o)
 .rodata._dtoa_r.str1.4
                0x0800b360       0x6a /usr/lib/gcc/arm-none-eabi/14.2.0/../../../../arm-none-eabi/lib/thumb/v6-m/nofp/libc.a(libc_a-dtoa.o)
 .rodata.__multadd.str1.4
                0x0800b360       0x57 /usr/lib/gcc/arm-none-eabi/14.2.0/../../../../arm-none-eabi/lib/thumb/v6-m/nofp/libc.a(libc_a-mprec.o)
 .rodata.p05.0  0x0800b360        0xc /usr/lib/gcc/arm-none-eabi/14.2.0/../../../../arm-none-eabi/lib/thumb/v6-m/nofp/libc.a(libc_a-mprec.o)
 *fill*         0x0800b36c        0x4 
 .rodata.__mprec_bigtens
                0x0800b370       0x28 /usr/lib/gcc/arm-none-eabi/14.2.0/../../../../arm-none-eabi/lib/thumb/v6-m/nofp/libc.a(libc_a-mprec.o)
                0x0800b370                __mprec_bigtens
 .rodata.__mprec_tens
                0x0800b398       0xc8 /usr/lib/gcc/arm-none-eabi/14.2.0/../../../../arm-none-eabi/lib/thumb/v6-m/nofp/libc.a(libc_a-mprec.o)
                0x0800b398                __mprec_tens
 .rodata._setlocale_r.str1.4
                0x0800b460        0xd /usr/lib/gcc/arm-none-eabi/14.2.0/../../../../arm-none-eabi/lib/thumb/v6-m/nofp/libc.a(libc_a-locale.o)
 .rodata.str1.4
                0x0800b460        0x2 /usr/lib/gcc/arm-none-eabi/14.2.0/../../../../arm-none-eabi/lib/thumb/v6-m/nofp/libc.a(libc_a-locale.o)
 .rodata.__assert_func.str1.4
                0x0800b460       0x43 /usr/lib/gcc/arm-none-eabi/14.2.0/../../../../arm-none-eabi/lib/thumb/v6-m/nofp/libc.a(libc_a-assert.o)
 .rodata._ctype_
                0x0800b460      0x101 /usr/lib/gcc/arm-none-eabi/14.2.0/../../../../arm-none-eabi/lib/thumb/v6-m/nofp/libc.a(libc_a-ctype_.o)
                0x0800b460                _ctype_
 .rodata._vfiprintf_r.str1.4
                0x0800b561       0x2f /usr/lib/gcc/arm-none-eabi/14.2.0/../../../../arm-none-eabi/lib/thumb/v6-m/nofp/libc.a(libc_a-vfiprintf.o)
 *fill*         0x0800b561        0x3 
 .rodata._vfiprintf_r
                0x0800b564      0x16c /usr/lib/gcc/arm-none-eabi/14.2.0/../../../../arm-none-eabi/lib/thumb/v6-m/nofp/libc.a(libc_a-vfiprintf.o)
 .rodata.zeroes.0
                0x0800b6d0       0x10 /usr/lib/gcc/arm-none-eabi/14.2.0/../../../../arm-none-eabi/lib/thumb/v6-m/nofp/libc.a(libc_a-vfiprintf.o)
 .rodata.blanks.1
                0x0800b6e0       0x10 /usr/lib/gcc/arm-none-eabi/14.2.0/../../../../arm-none-eabi/lib/thumb/v6-m/nofp/libc.a(libc_a-vfiprintf.o)
 .rodata._get_semihosting_exts.str1.4
                0x0800b6f0       0x16 /usr/lib/gcc/arm-none-eabi/14.2.0/../../../../arm-none-eabi/lib/thumb/v6-m/nofp/librdimon.a(arm_librdimon_a-syscalls.o)
 .rodata.initialise_monitor_handles.str1.4
                0x0800b6f0        0x4 /usr/lib/gcc/arm-none-eabi/14.2.0/../../../../arm-none-eabi/lib/thumb/v6-m/nofp/librdimon.a(arm_librdimon_a-syscalls.o)
                0x0800b708                        . = ALIGN (0x4)

.ARM.extab      0x0800b6f0        0x0
                0x0800b6f0                        . = ALIGN (0x4)
 *(.ARM.extab* .gnu.linkonce.armextab.*)
                0x0800b6f0                        . = ALIGN (0x4)

.ARM            0x0800b6f0        0x8
                0x0800b6f0                        . = ALIGN (0x4)
                0x0800b6f0                        __exidx_start = .
 *(.ARM.exidx*)
 .ARM.exidx.text.__udivmoddi4
                0x0800b6f0        0x8 /usr/lib/gcc/arm-none-eabi/14.2.0/thumb/v6-m/nofp/libgcc.a(_udivmoddi4.o)
                0x0800b6f8                        __exidx_end = .
                0x0800b6f8                        . = ALIGN (0x4)

.preinit_array  0x0800b6f8        0x0
                0x0800b6f8                        . = ALIGN (0x4)
                0x0800b6f8                        PROVIDE (__preinit_array_start = .)
 *(.preinit_array*)
                0x0800b6f8                        PROVIDE (__preinit_array_end = .)
                0x0800b6f8                        . = ALIGN (0x4)

.init_array     0x0800b6f8        0x8
                0x0800b6f8                        . = ALIGN (0x4)
                0x0800b6f8                        PROVIDE (__init_array_start = .)
 *(SORT_BY_NAME(.init_array.*))
 .init_array.00000
                0x0800b6f8        0x4 /usr/lib/gcc/arm-none-eabi/14.2.0/../../../../arm-none-eabi/lib/thumb/v6-m/nofp/libc.a(libc_a-__call_atexit.o)
 *(.init_array*)
 .init_array    0x0800b6fc        0x4 /usr/lib/gcc/arm-none-eabi/14.2.0/thumb/v6-m/nofp/crtbegin.o
                0x0800b700                        PROVIDE (__init_array_end = .)
                0x0800b700                        . = ALIGN (0x4)

.fini_array     0x0800b700        0x4
                0x0800b700                        . = ALIGN (0x4)
                0x0800b700                        PROVIDE (__fini_array_start = .)
 *(SORT_BY_NAME(.fini_array.*))
 *(.fini_array*)
 .fini_array    0x0800b700        0x4 /usr/lib/gcc/arm-none-eabi/14.2.0/thumb/v6-m/nofp/crtbegin.o
                0x0800b704                        PROVIDE (__fini_array_end = .)
                0x0800b704                        . = ALIGN (0x4)

.eba_export_section
                0x0800b704       0x54
                0x0800b704                        . = ALIGN (0x4)
 *(eba_export_section)
 eba_export_section
                0x0800b704       0x1c ./0app/led.o
                0x0800b704                init_led_init
 eba_export_section
                0x0800b720       0x1c ./2Driver/driver_pin.o
                0x0800b720                init_eio_pin_driver_init
 eba_export_section
                0x0800b73c       0x1c ./2Driver/eba_export.o
                0x0800b73c                init_module_null_init
                0x0800b758                        . = ALIGN (0x4)

.eba_expoll_section
                0x0800b758       0x38
                0x0800b758                        . = ALIGN (0x4)
 *(eba_expoll_section)
 eba_expoll_section
                0x0800b758       0x1c ./0app/led.o
                0x0800b758                poll_led_poll
 eba_expoll_section
                0x0800b774       0x1c ./2Driver/eba_export.o
                0x0800b774                poll_module_null_init
                0x0800b790                        . = ALIGN (0x4)
                0x0800b790                        _sidata = LOADADDR (.data)

.rel.dyn        0x0800b790        0x0
 .rel.iplt      0x0800b790        0x0 /usr/lib/gcc/arm-none-eabi/14.2.0/thumb/v6-m/nofp/crtbegin.o

.data           0x20000000      0x710 load address 0x0800b790
                0x20000000                        . = ALIGN (0x4)
                0x20000000                        _sdata = .
 *(.data)
 *(.data*)
 .data.eio_pin_driver_data
                0x20000000       0x20 ./2Driver/driver_pin.o
 .data.export_level_max
                0x20000020        0x1 ./2Driver/eba_export.o
 *fill*         0x20000021        0x3 
 .data.SystemCoreClock
                0x20000024        0x4 ./3BSP/mcu/system_stm32g0xx.o
                0x20000024                SystemCoreClock
 .data.uwTickPrio
                0x20000028        0x4 ./3BSP/STM32G0xx_HAL_Driver/Src/stm32g0xx_hal.o
                0x20000028                uwTickPrio
 .data.uwTickFreq
                0x2000002c        0x1 ./3BSP/STM32G0xx_HAL_Driver/Src/stm32g0xx_hal.o
                0x2000002c                uwTickFreq
 *fill*         0x2000002d        0x3 
 .data.__sglue  0x20000030        0xc /usr/lib/gcc/arm-none-eabi/14.2.0/../../../../arm-none-eabi/lib/thumb/v6-m/nofp/libc.a(libc_a-findfp.o)
                0x20000030                __sglue
 .data._impure_ptr
                0x2000003c        0x4 /usr/lib/gcc/arm-none-eabi/14.2.0/../../../../arm-none-eabi/lib/thumb/v6-m/nofp/libc.a(libc_a-impure.o)
                0x2000003c                _impure_ptr
 .data._impure_data
                0x20000040      0x140 /usr/lib/gcc/arm-none-eabi/14.2.0/../../../../arm-none-eabi/lib/thumb/v6-m/nofp/libc.a(libc_a-impure.o)
                0x20000040                _impure_data
 .data.__atexit_recursive_mutex
                0x20000180        0x4 /usr/lib/gcc/arm-none-eabi/14.2.0/../../../../arm-none-eabi/lib/thumb/v6-m/nofp/libc.a(libc_a-__call_atexit.o)
                0x20000180                __atexit_recursive_mutex
 .data.__malloc_sbrk_base
                0x20000184        0x4 /usr/lib/gcc/arm-none-eabi/14.2.0/../../../../arm-none-eabi/lib/thumb/v6-m/nofp/libc.a(libc_a-mallocr.o)
                0x20000184                __malloc_sbrk_base
 .data.__malloc_trim_threshold
                0x20000188        0x4 /usr/lib/gcc/arm-none-eabi/14.2.0/../../../../arm-none-eabi/lib/thumb/v6-m/nofp/libc.a(libc_a-mallocr.o)
                0x20000188                __malloc_trim_threshold
 *fill*         0x2000018c        0x4 
 .data.__malloc_av_
                0x20000190      0x408 /usr/lib/gcc/arm-none-eabi/14.2.0/../../../../arm-none-eabi/lib/thumb/v6-m/nofp/libc.a(libc_a-mallocr.o)
                0x20000190                __malloc_av_
 .data.__global_locale
                0x20000598      0x16c /usr/lib/gcc/arm-none-eabi/14.2.0/../../../../arm-none-eabi/lib/thumb/v6-m/nofp/libc.a(libc_a-locale.o)
                0x20000598                __global_locale
 .data.__heap_limit
                0x20000704        0x4 /usr/lib/gcc/arm-none-eabi/14.2.0/../../../../arm-none-eabi/lib/thumb/v6-m/nofp/librdimon.a(arm_librdimon_a-syscalls.o)
                0x20000704                __heap_limit
 .data.supports_ext_stdout_stderr
                0x20000708        0x4 /usr/lib/gcc/arm-none-eabi/14.2.0/../../../../arm-none-eabi/lib/thumb/v6-m/nofp/librdimon.a(arm_librdimon_a-syscalls.o)
 .data.supports_ext_exit_extended
                0x2000070c        0x4 /usr/lib/gcc/arm-none-eabi/14.2.0/../../../../arm-none-eabi/lib/thumb/v6-m/nofp/librdimon.a(arm_librdimon_a-syscalls.o)
                0x20000710                        . = ALIGN (0x4)
                0x20000710                        _edata = .

.igot.plt       0x20000710        0x0 load address 0x0800bea0
 .igot.plt      0x20000710        0x0 /usr/lib/gcc/arm-none-eabi/14.2.0/thumb/v6-m/nofp/crtbegin.o
                0x20000710                        . = ALIGN (0x4)

.bss            0x20000710      0x430 load address 0x0800bea0
                0x20000710                        _sbss = .
                0x20000710                        __bss_start__ = _sbss
 *(.bss)
 *(.bss*)
 .bss.completed.1
                0x20000710        0x1 /usr/lib/gcc/arm-none-eabi/14.2.0/thumb/v6-m/nofp/crtbegin.o
 *fill*         0x20000711        0x3 
 .bss.object.0  0x20000714       0x18 /usr/lib/gcc/arm-none-eabi/14.2.0/thumb/v6-m/nofp/crtbegin.o
 .bss.led       0x2000072c        0x4 ./0app/led.o
                0x2000072c                led
 .bss.poll_led_poll_data
                0x20000730        0x4 ./0app/led.o
 .bss.pin_c_08  0x20000734       0x14 ./2Driver/driver_pin.o
 .bss.pin_c_09  0x20000748       0x14 ./2Driver/driver_pin.o
 .bss.poll_module_null_init_data
                0x2000075c        0x4 ./2Driver/eba_export.o
 .bss.export_init_table
                0x20000760        0x4 ./2Driver/eba_export.o
 .bss.count_export_init
                0x20000764        0x4 ./2Driver/eba_export.o
 .bss.export_poll_table
                0x20000768        0x4 ./2Driver/eba_export.o
 .bss.count_export_poll
                0x2000076c        0x4 ./2Driver/eba_export.o
 .bss.sys_time_ms
                0x20000770        0x4 ./3BSP/elab_time.o
 .bss.uwTick    0x20000774        0x4 ./3BSP/STM32G0xx_HAL_Driver/Src/stm32g0xx_hal.o
                0x20000774                uwTick
 .bss.pin_list  0x20000778        0x4 ./1middle/eio_pin.o
 .bss.__sf      0x2000077c      0x138 /usr/lib/gcc/arm-none-eabi/14.2.0/../../../../arm-none-eabi/lib/thumb/v6-m/nofp/libc.a(libc_a-findfp.o)
                0x2000077c                __sf
 .bss.__stdio_exit_handler
                0x200008b4        0x4 /usr/lib/gcc/arm-none-eabi/14.2.0/../../../../arm-none-eabi/lib/thumb/v6-m/nofp/libc.a(libc_a-findfp.o)
                0x200008b4                __stdio_exit_handler
 .bss.errno     0x200008b8        0x4 /usr/lib/gcc/arm-none-eabi/14.2.0/../../../../arm-none-eabi/lib/thumb/v6-m/nofp/libc.a(libc_a-reent.o)
                0x200008b8                errno
 .bss.__lock___malloc_recursive_mutex
                0x200008bc        0x1 /usr/lib/gcc/arm-none-eabi/14.2.0/../../../../arm-none-eabi/lib/thumb/v6-m/nofp/libc.a(libc_a-lock.o)
                0x200008bc                __lock___malloc_recursive_mutex
 *fill*         0x200008bd        0x3 
 .bss.__lock___atexit_recursive_mutex
                0x200008c0        0x1 /usr/lib/gcc/arm-none-eabi/14.2.0/../../../../arm-none-eabi/lib/thumb/v6-m/nofp/libc.a(libc_a-lock.o)
                0x200008c0                __lock___atexit_recursive_mutex
 *fill*         0x200008c1        0x3 
 .bss.__lock___sfp_recursive_mutex
                0x200008c4        0x1 /usr/lib/gcc/arm-none-eabi/14.2.0/../../../../arm-none-eabi/lib/thumb/v6-m/nofp/libc.a(libc_a-lock.o)
                0x200008c4                __lock___sfp_recursive_mutex
 *fill*         0x200008c5        0x3 
 .bss.__atexit0
                0x200008c8      0x190 /usr/lib/gcc/arm-none-eabi/14.2.0/../../../../arm-none-eabi/lib/thumb/v6-m/nofp/libc.a(libc_a-__atexit.o)
                0x200008c8                __atexit0
 .bss.__atexit  0x20000a58        0x4 /usr/lib/gcc/arm-none-eabi/14.2.0/../../../../arm-none-eabi/lib/thumb/v6-m/nofp/libc.a(libc_a-__call_atexit.o)
                0x20000a58                __atexit
 .bss.__malloc_current_mallinfo
                0x20000a5c       0x28 /usr/lib/gcc/arm-none-eabi/14.2.0/../../../../arm-none-eabi/lib/thumb/v6-m/nofp/libc.a(libc_a-mallocr.o)
                0x20000a5c                __malloc_current_mallinfo
 .bss.__malloc_max_total_mem
                0x20000a84        0x4 /usr/lib/gcc/arm-none-eabi/14.2.0/../../../../arm-none-eabi/lib/thumb/v6-m/nofp/libc.a(libc_a-mallocr.o)
                0x20000a84                __malloc_max_total_mem
 .bss.__malloc_max_sbrked_mem
                0x20000a88        0x4 /usr/lib/gcc/arm-none-eabi/14.2.0/../../../../arm-none-eabi/lib/thumb/v6-m/nofp/libc.a(libc_a-mallocr.o)
                0x20000a88                __malloc_max_sbrked_mem
 .bss.__malloc_top_pad
                0x20000a8c        0x4 /usr/lib/gcc/arm-none-eabi/14.2.0/../../../../arm-none-eabi/lib/thumb/v6-m/nofp/libc.a(libc_a-mallocr.o)
                0x20000a8c                __malloc_top_pad
 .bss.heap_end.0
                0x20000a90        0x4 /usr/lib/gcc/arm-none-eabi/14.2.0/../../../../arm-none-eabi/lib/thumb/v6-m/nofp/librdimon.a(arm_librdimon_a-syscalls.o)
 .bss.monitor_stderr
                0x20000a94        0x4 /usr/lib/gcc/arm-none-eabi/14.2.0/../../../../arm-none-eabi/lib/thumb/v6-m/nofp/librdimon.a(arm_librdimon_a-syscalls.o)
 .bss.monitor_stdout
                0x20000a98        0x4 /usr/lib/gcc/arm-none-eabi/14.2.0/../../../../arm-none-eabi/lib/thumb/v6-m/nofp/librdimon.a(arm_librdimon_a-syscalls.o)
 .bss.monitor_stdin
                0x20000a9c        0x4 /usr/lib/gcc/arm-none-eabi/14.2.0/../../../../arm-none-eabi/lib/thumb/v6-m/nofp/librdimon.a(arm_librdimon_a-syscalls.o)
 .bss.openfiles
                0x20000aa0       0xa0 /usr/lib/gcc/arm-none-eabi/14.2.0/../../../../arm-none-eabi/lib/thumb/v6-m/nofp/librdimon.a(arm_librdimon_a-syscalls.o)
 *(COMMON)
                0x20000b40                        . = ALIGN (0x4)
                0x20000b40                        _ebss = .
                0x20000b40                        __bss_end__ = _ebss

._user_heap_stack
                0x20000b40      0x600 load address 0x0800bea0
                0x20000b40                        . = ALIGN (0x8)
                0x20000b40                        PROVIDE (end = .)
                [!provide]                        PROVIDE (_end = .)
                0x20000d40                        . = (. + _Min_Heap_Size)
 *fill*         0x20000b40      0x200 
                0x20001140                        . = (. + _Min_Stack_Size)
 *fill*         0x20000d40      0x400 
                0x20001140                        . = ALIGN (0x8)

/DISCARD/
 libc.a(*)
 libm.a(*)
 libgcc.a(*)

.ARM.attributes
                0x00000000       0x28
 *(.ARM.attributes)
 .ARM.attributes
                0x00000000       0x1e /usr/lib/gcc/arm-none-eabi/14.2.0/thumb/v6-m/nofp/crti.o
 .ARM.attributes
                0x0000001e       0x2c /usr/lib/gcc/arm-none-eabi/14.2.0/thumb/v6-m/nofp/crtbegin.o
 .ARM.attributes
                0x0000004a       0x2c ./0app/main.o
 .ARM.attributes
                0x00000076       0x2c ./0app/led.o
 .ARM.attributes
                0x000000a2       0x2c ./2Driver/driver_pin.o
 .ARM.attributes
                0x000000ce       0x2c ./2Driver/eba_export.o
 .ARM.attributes
                0x000000fa       0x2c ./3BSP/bsp.o
 .ARM.attributes
                0x00000126       0x2c ./3BSP/elab_time.o
 .ARM.attributes
                0x00000152       0x2c ./3BSP/mcu/system_stm32g0xx.o
 .ARM.attributes
                0x0000017e       0x2c ./3BSP/STM32G0xx_HAL_Driver/Src/stm32g0xx_hal_gpio.o
 .ARM.attributes
                0x000001aa       0x2c ./3BSP/STM32G0xx_HAL_Driver/Src/stm32g0xx_hal_pwr_ex.o
 .ARM.attributes
                0x000001d6       0x2c ./3BSP/STM32G0xx_HAL_Driver/Src/stm32g0xx_hal_rcc.o
 .ARM.attributes
                0x00000202       0x2c ./3BSP/STM32G0xx_HAL_Driver/Src/stm32g0xx_hal_cortex.o
 .ARM.attributes
                0x0000022e       0x2c ./3BSP/STM32G0xx_HAL_Driver/Src/stm32g0xx_hal.o
 .ARM.attributes
                0x0000025a       0x2c ./3BSP/qassert.o
 .ARM.attributes
                0x00000286       0x2c ./1middle/eio_pin.o
 .ARM.attributes
                0x000002b2       0x22 ./3BSP/mcu/startup_stm32g070rbtx.o
 .ARM.attributes
                0x000002d4       0x2c /usr/lib/gcc/arm-none-eabi/14.2.0/../../../../arm-none-eabi/lib/thumb/v6-m/nofp/libc.a(libc_a-atexit.o)
 .ARM.attributes
                0x00000300       0x2c /usr/lib/gcc/arm-none-eabi/14.2.0/../../../../arm-none-eabi/lib/thumb/v6-m/nofp/libc.a(libc_a-findfp.o)
 .ARM.attributes
                0x0000032c       0x2c /usr/lib/gcc/arm-none-eabi/14.2.0/../../../../arm-none-eabi/lib/thumb/v6-m/nofp/libc.a(libc_a-fwalk.o)
 .ARM.attributes
                0x00000358       0x2c /usr/lib/gcc/arm-none-eabi/14.2.0/../../../../arm-none-eabi/lib/thumb/v6-m/nofp/libc.a(libc_a-printf.o)
 .ARM.attributes
                0x00000384       0x2c /usr/lib/gcc/arm-none-eabi/14.2.0/../../../../arm-none-eabi/lib/thumb/v6-m/nofp/libc.a(libc_a-puts.o)
 .ARM.attributes
                0x000003b0       0x2c /usr/lib/gcc/arm-none-eabi/14.2.0/../../../../arm-none-eabi/lib/thumb/v6-m/nofp/libc.a(libc_a-stdio.o)
 .ARM.attributes
                0x000003dc       0x2c /usr/lib/gcc/arm-none-eabi/14.2.0/../../../../arm-none-eabi/lib/thumb/v6-m/nofp/libc.a(libc_a-memset.o)
 .ARM.attributes
                0x00000408       0x2c /usr/lib/gcc/arm-none-eabi/14.2.0/../../../../arm-none-eabi/lib/thumb/v6-m/nofp/libc.a(libc_a-closer.o)
 .ARM.attributes
                0x00000434       0x2c /usr/lib/gcc/arm-none-eabi/14.2.0/../../../../arm-none-eabi/lib/thumb/v6-m/nofp/libc.a(libc_a-reent.o)
 .ARM.attributes
                0x00000460       0x2c /usr/lib/gcc/arm-none-eabi/14.2.0/../../../../arm-none-eabi/lib/thumb/v6-m/nofp/libc.a(libc_a-impure.o)
 .ARM.attributes
                0x0000048c       0x2c /usr/lib/gcc/arm-none-eabi/14.2.0/../../../../arm-none-eabi/lib/thumb/v6-m/nofp/libc.a(libc_a-lseekr.o)
 .ARM.attributes
                0x000004b8       0x2c /usr/lib/gcc/arm-none-eabi/14.2.0/../../../../arm-none-eabi/lib/thumb/v6-m/nofp/libc.a(libc_a-readr.o)
 .ARM.attributes
                0x000004e4       0x2c /usr/lib/gcc/arm-none-eabi/14.2.0/../../../../arm-none-eabi/lib/thumb/v6-m/nofp/libc.a(libc_a-writer.o)
 .ARM.attributes
                0x00000510       0x2c /usr/lib/gcc/arm-none-eabi/14.2.0/../../../../arm-none-eabi/lib/thumb/v6-m/nofp/libc.a(libc_a-init.o)
 .ARM.attributes
                0x0000053c       0x2c /usr/lib/gcc/arm-none-eabi/14.2.0/../../../../arm-none-eabi/lib/thumb/v6-m/nofp/libc.a(libc_a-fini.o)
 .ARM.attributes
                0x00000568       0x2c /usr/lib/gcc/arm-none-eabi/14.2.0/../../../../arm-none-eabi/lib/thumb/v6-m/nofp/libc.a(libc_a-lock.o)
 .ARM.attributes
                0x00000594       0x1b /usr/lib/gcc/arm-none-eabi/14.2.0/../../../../arm-none-eabi/lib/thumb/v6-m/nofp/libc.a(libc_a-strcmp.o)
 .ARM.attributes
                0x000005af       0x2c /usr/lib/gcc/arm-none-eabi/14.2.0/../../../../arm-none-eabi/lib/thumb/v6-m/nofp/libc.a(libc_a-strlen-stub.o)
 .ARM.attributes
                0x000005db       0x2c /usr/lib/gcc/arm-none-eabi/14.2.0/../../../../arm-none-eabi/lib/thumb/v6-m/nofp/libc.a(libc_a-__atexit.o)
 .ARM.attributes
                0x00000607       0x2c /usr/lib/gcc/arm-none-eabi/14.2.0/../../../../arm-none-eabi/lib/thumb/v6-m/nofp/libc.a(libc_a-__call_atexit.o)
 .ARM.attributes
                0x00000633       0x2c /usr/lib/gcc/arm-none-eabi/14.2.0/../../../../arm-none-eabi/lib/thumb/v6-m/nofp/libc.a(libc_a-freer.o)
 .ARM.attributes
                0x0000065f       0x2c /usr/lib/gcc/arm-none-eabi/14.2.0/../../../../arm-none-eabi/lib/thumb/v6-m/nofp/libc.a(libc_a-mallocr.o)
 .ARM.attributes
                0x0000068b       0x2c /usr/lib/gcc/arm-none-eabi/14.2.0/../../../../arm-none-eabi/lib/thumb/v6-m/nofp/libc.a(libc_a-mlock.o)
 .ARM.attributes
                0x000006b7       0x2c /usr/lib/gcc/arm-none-eabi/14.2.0/../../../../arm-none-eabi/lib/thumb/v6-m/nofp/libc.a(libc_a-vfprintf.o)
 .ARM.attributes
                0x000006e3       0x2c /usr/lib/gcc/arm-none-eabi/14.2.0/../../../../arm-none-eabi/lib/thumb/v6-m/nofp/libc.a(libc_a-sprint_r.o)
 .ARM.attributes
                0x0000070f       0x2c /usr/lib/gcc/arm-none-eabi/14.2.0/../../../../arm-none-eabi/lib/thumb/v6-m/nofp/libc.a(libc_a-fclose.o)
 .ARM.attributes
                0x0000073b       0x2c /usr/lib/gcc/arm-none-eabi/14.2.0/../../../../arm-none-eabi/lib/thumb/v6-m/nofp/libc.a(libc_a-fflush.o)
 .ARM.attributes
                0x00000767       0x2c /usr/lib/gcc/arm-none-eabi/14.2.0/../../../../arm-none-eabi/lib/thumb/v6-m/nofp/libc.a(libc_a-fvwrite.o)
 .ARM.attributes
                0x00000793       0x2c /usr/lib/gcc/arm-none-eabi/14.2.0/../../../../arm-none-eabi/lib/thumb/v6-m/nofp/libc.a(libc_a-wsetup.o)
 .ARM.attributes
                0x000007bf       0x2c /usr/lib/gcc/arm-none-eabi/14.2.0/../../../../arm-none-eabi/lib/thumb/v6-m/nofp/libc.a(libc_a-memmove.o)
 .ARM.attributes
                0x000007eb       0x2c /usr/lib/gcc/arm-none-eabi/14.2.0/../../../../arm-none-eabi/lib/thumb/v6-m/nofp/libc.a(libc_a-strncpy.o)
 .ARM.attributes
                0x00000817       0x2c /usr/lib/gcc/arm-none-eabi/14.2.0/../../../../arm-none-eabi/lib/thumb/v6-m/nofp/libc.a(libc_a-localeconv.o)
 .ARM.attributes
                0x00000843       0x2c /usr/lib/gcc/arm-none-eabi/14.2.0/../../../../arm-none-eabi/lib/thumb/v6-m/nofp/libc.a(libc_a-sbrkr.o)
 .ARM.attributes
                0x0000086f       0x2c /usr/lib/gcc/arm-none-eabi/14.2.0/../../../../arm-none-eabi/lib/thumb/v6-m/nofp/libc.a(libc_a-sysconf.o)
 .ARM.attributes
                0x0000089b       0x2c /usr/lib/gcc/arm-none-eabi/14.2.0/../../../../arm-none-eabi/lib/thumb/v6-m/nofp/libc.a(libc_a-memchr-stub.o)
 .ARM.attributes
                0x000008c7       0x2c /usr/lib/gcc/arm-none-eabi/14.2.0/../../../../arm-none-eabi/lib/thumb/v6-m/nofp/libc.a(libc_a-memcpy-stub.o)
 .ARM.attributes
                0x000008f3       0x2c /usr/lib/gcc/arm-none-eabi/14.2.0/../../../../arm-none-eabi/lib/thumb/v6-m/nofp/libc.a(libm_a-s_frexp.o)
 .ARM.attributes
                0x0000091f       0x2c /usr/lib/gcc/arm-none-eabi/14.2.0/../../../../arm-none-eabi/lib/thumb/v6-m/nofp/libc.a(libc_a-dtoa.o)
 .ARM.attributes
                0x0000094b       0x2c /usr/lib/gcc/arm-none-eabi/14.2.0/../../../../arm-none-eabi/lib/thumb/v6-m/nofp/libc.a(libc_a-mprec.o)
 .ARM.attributes
                0x00000977       0x2c /usr/lib/gcc/arm-none-eabi/14.2.0/../../../../arm-none-eabi/lib/thumb/v6-m/nofp/libc.a(libc_a-reallocr.o)
 .ARM.attributes
                0x000009a3       0x2c /usr/lib/gcc/arm-none-eabi/14.2.0/../../../../arm-none-eabi/lib/thumb/v6-m/nofp/libc.a(libc_a-makebuf.o)
 .ARM.attributes
                0x000009cf       0x2c /usr/lib/gcc/arm-none-eabi/14.2.0/../../../../arm-none-eabi/lib/thumb/v6-m/nofp/libc.a(libc_a-locale.o)
 .ARM.attributes
                0x000009fb       0x2c /usr/lib/gcc/arm-none-eabi/14.2.0/../../../../arm-none-eabi/lib/thumb/v6-m/nofp/libc.a(libc_a-fstatr.o)
 .ARM.attributes
                0x00000a27       0x2c /usr/lib/gcc/arm-none-eabi/14.2.0/../../../../arm-none-eabi/lib/thumb/v6-m/nofp/libc.a(libc_a-isattyr.o)
 .ARM.attributes
                0x00000a53       0x2c /usr/lib/gcc/arm-none-eabi/14.2.0/../../../../arm-none-eabi/lib/thumb/v6-m/nofp/libc.a(libc_a-errno.o)
 .ARM.attributes
                0x00000a7f       0x2c /usr/lib/gcc/arm-none-eabi/14.2.0/../../../../arm-none-eabi/lib/thumb/v6-m/nofp/libc.a(libc_a-assert.o)
 .ARM.attributes
                0x00000aab       0x2c /usr/lib/gcc/arm-none-eabi/14.2.0/../../../../arm-none-eabi/lib/thumb/v6-m/nofp/libc.a(libc_a-callocr.o)
 .ARM.attributes
                0x00000ad7       0x2c /usr/lib/gcc/arm-none-eabi/14.2.0/../../../../arm-none-eabi/lib/thumb/v6-m/nofp/libc.a(libc_a-mbtowc_r.o)
 .ARM.attributes
                0x00000b03       0x2c /usr/lib/gcc/arm-none-eabi/14.2.0/../../../../arm-none-eabi/lib/thumb/v6-m/nofp/libc.a(libc_a-wctomb_r.o)
 .ARM.attributes
                0x00000b2f       0x2c /usr/lib/gcc/arm-none-eabi/14.2.0/../../../../arm-none-eabi/lib/thumb/v6-m/nofp/libc.a(libc_a-ctype_.o)
 .ARM.attributes
                0x00000b5b       0x2c /usr/lib/gcc/arm-none-eabi/14.2.0/../../../../arm-none-eabi/lib/thumb/v6-m/nofp/libc.a(libc_a-fiprintf.o)
 .ARM.attributes
                0x00000b87       0x2c /usr/lib/gcc/arm-none-eabi/14.2.0/../../../../arm-none-eabi/lib/thumb/v6-m/nofp/libc.a(libc_a-vfiprintf.o)
 .ARM.attributes
                0x00000bb3       0x2c /usr/lib/gcc/arm-none-eabi/14.2.0/../../../../arm-none-eabi/lib/thumb/v6-m/nofp/libc.a(libc_a-abort.o)
 .ARM.attributes
                0x00000bdf       0x2c /usr/lib/gcc/arm-none-eabi/14.2.0/../../../../arm-none-eabi/lib/thumb/v6-m/nofp/libc.a(libc_a-signal.o)
 .ARM.attributes
                0x00000c0b       0x2c /usr/lib/gcc/arm-none-eabi/14.2.0/../../../../arm-none-eabi/lib/thumb/v6-m/nofp/libc.a(libc_a-signalr.o)
 .ARM.attributes
                0x00000c37       0x2c /usr/lib/gcc/arm-none-eabi/14.2.0/../../../../arm-none-eabi/lib/thumb/v6-m/nofp/librdimon.a(arm_librdimon_a-_exit.o)
 .ARM.attributes
                0x00000c63       0x2c /usr/lib/gcc/arm-none-eabi/14.2.0/../../../../arm-none-eabi/lib/thumb/v6-m/nofp/librdimon.a(arm_librdimon_a-_kill.o)
 .ARM.attributes
                0x00000c8f       0x2c /usr/lib/gcc/arm-none-eabi/14.2.0/../../../../arm-none-eabi/lib/thumb/v6-m/nofp/librdimon.a(arm_librdimon_a-syscalls.o)
 .ARM.attributes
                0x00000cbb       0x1e /usr/lib/gcc/arm-none-eabi/14.2.0/thumb/v6-m/nofp/libgcc.a(_udivsi3.o)
 .ARM.attributes
                0x00000cd9       0x1e /usr/lib/gcc/arm-none-eabi/14.2.0/thumb/v6-m/nofp/libgcc.a(_divsi3.o)
 .ARM.attributes
                0x00000cf7       0x1e /usr/lib/gcc/arm-none-eabi/14.2.0/thumb/v6-m/nofp/libgcc.a(_dvmd_tls.o)
 .ARM.attributes
                0x00000d15       0x1e /usr/lib/gcc/arm-none-eabi/14.2.0/thumb/v6-m/nofp/libgcc.a(_arm_cmpdf2.o)
 .ARM.attributes
                0x00000d33       0x1e /usr/lib/gcc/arm-none-eabi/14.2.0/thumb/v6-m/nofp/libgcc.a(_aeabi_uldivmod.o)
 .ARM.attributes
                0x00000d51       0x2c /usr/lib/gcc/arm-none-eabi/14.2.0/thumb/v6-m/nofp/libgcc.a(_udivmoddi4.o)
 .ARM.attributes
                0x00000d7d       0x2c /usr/lib/gcc/arm-none-eabi/14.2.0/thumb/v6-m/nofp/libgcc.a(adddf3.o)
 .ARM.attributes
                0x00000da9       0x2c /usr/lib/gcc/arm-none-eabi/14.2.0/thumb/v6-m/nofp/libgcc.a(divdf3.o)
 .ARM.attributes
                0x00000dd5       0x2c /usr/lib/gcc/arm-none-eabi/14.2.0/thumb/v6-m/nofp/libgcc.a(eqdf2.o)
 .ARM.attributes
                0x00000e01       0x2c /usr/lib/gcc/arm-none-eabi/14.2.0/thumb/v6-m/nofp/libgcc.a(gedf2.o)
 .ARM.attributes
                0x00000e2d       0x2c /usr/lib/gcc/arm-none-eabi/14.2.0/thumb/v6-m/nofp/libgcc.a(ledf2.o)
 .ARM.attributes
                0x00000e59       0x2c /usr/lib/gcc/arm-none-eabi/14.2.0/thumb/v6-m/nofp/libgcc.a(muldf3.o)
 .ARM.attributes
                0x00000e85       0x2c /usr/lib/gcc/arm-none-eabi/14.2.0/thumb/v6-m/nofp/libgcc.a(subdf3.o)
 .ARM.attributes
                0x00000eb1       0x2c /usr/lib/gcc/arm-none-eabi/14.2.0/thumb/v6-m/nofp/libgcc.a(unorddf2.o)
 .ARM.attributes
                0x00000edd       0x2c /usr/lib/gcc/arm-none-eabi/14.2.0/thumb/v6-m/nofp/libgcc.a(fixdfsi.o)
 .ARM.attributes
                0x00000f09       0x2c /usr/lib/gcc/arm-none-eabi/14.2.0/thumb/v6-m/nofp/libgcc.a(floatsidf.o)
 .ARM.attributes
                0x00000f35       0x2c /usr/lib/gcc/arm-none-eabi/14.2.0/thumb/v6-m/nofp/libgcc.a(floatunsidf.o)
 .ARM.attributes
                0x00000f61       0x1e /usr/lib/gcc/arm-none-eabi/14.2.0/thumb/v6-m/nofp/libgcc.a(_thumb1_case_uhi.o)
 .ARM.attributes
                0x00000f7f       0x1e /usr/lib/gcc/arm-none-eabi/14.2.0/thumb/v6-m/nofp/libgcc.a(_lshrdi3.o)
 .ARM.attributes
                0x00000f9d       0x1e /usr/lib/gcc/arm-none-eabi/14.2.0/thumb/v6-m/nofp/libgcc.a(_ashldi3.o)
 .ARM.attributes
                0x00000fbb       0x1e /usr/lib/gcc/arm-none-eabi/14.2.0/thumb/v6-m/nofp/libgcc.a(_clzsi2.o)
 .ARM.attributes
                0x00000fd9       0x1e /usr/lib/gcc/arm-none-eabi/14.2.0/thumb/v6-m/nofp/libgcc.a(_clzdi2.o)
 .ARM.attributes
                0x00000ff7       0x1e /usr/lib/gcc/arm-none-eabi/14.2.0/thumb/v6-m/nofp/crtn.o
OUTPUT(TARGET.elf elf32-littlearm)
LOAD linker stubs
LOAD /usr/lib/gcc/arm-none-eabi/14.2.0/../../../../arm-none-eabi/lib/thumb/v6-m/nofp/libc.a
LOAD /usr/lib/gcc/arm-none-eabi/14.2.0/../../../../arm-none-eabi/lib/thumb/v6-m/nofp/libm.a
LOAD /usr/lib/gcc/arm-none-eabi/14.2.0/thumb/v6-m/nofp/libgcc.a

.debug_info     0x00000000    0x243bc
 .debug_info    0x00000000       0xba ./0app/main.o
 .debug_info    0x000000ba      0x44b ./0app/led.o
 .debug_info    0x00000505      0x969 ./2Driver/driver_pin.o
 .debug_info    0x00000e6e      0x4a7 ./2Driver/eba_export.o
 .debug_info    0x00001315      0x35d ./3BSP/bsp.o
 .debug_info    0x00001672       0xcc ./3BSP/elab_time.o
 .debug_info    0x0000173e      0x344 ./3BSP/mcu/system_stm32g0xx.o
 .debug_info    0x00001a82      0x635 ./3BSP/STM32G0xx_HAL_Driver/Src/stm32g0xx_hal_gpio.o
 .debug_info    0x000020b7      0x55b ./3BSP/STM32G0xx_HAL_Driver/Src/stm32g0xx_hal_pwr_ex.o
 .debug_info    0x00002612      0xc2f ./3BSP/STM32G0xx_HAL_Driver/Src/stm32g0xx_hal_rcc.o
 .debug_info    0x00003241      0xa0b ./3BSP/STM32G0xx_HAL_Driver/Src/stm32g0xx_hal_cortex.o
 .debug_info    0x00003c4c      0xa3c ./3BSP/STM32G0xx_HAL_Driver/Src/stm32g0xx_hal.o
 .debug_info    0x00004688       0xe0 ./3BSP/qassert.o
 .debug_info    0x00004768      0x3a9 ./1middle/eio_pin.o
 .debug_info    0x00004b11       0x30 ./3BSP/mcu/startup_stm32g070rbtx.o
 .debug_info    0x00004b41      0x11e /usr/lib/gcc/arm-none-eabi/14.2.0/../../../../arm-none-eabi/lib/thumb/v6-m/nofp/libc.a(libc_a-atexit.o)
 .debug_info    0x00004c5f     0x1133 /usr/lib/gcc/arm-none-eabi/14.2.0/../../../../arm-none-eabi/lib/thumb/v6-m/nofp/libc.a(libc_a-findfp.o)
 .debug_info    0x00005d92      0x80b /usr/lib/gcc/arm-none-eabi/14.2.0/../../../../arm-none-eabi/lib/thumb/v6-m/nofp/libc.a(libc_a-fwalk.o)
 .debug_info    0x0000659d      0x87c /usr/lib/gcc/arm-none-eabi/14.2.0/../../../../arm-none-eabi/lib/thumb/v6-m/nofp/libc.a(libc_a-printf.o)
 .debug_info    0x00006e19      0x965 /usr/lib/gcc/arm-none-eabi/14.2.0/../../../../arm-none-eabi/lib/thumb/v6-m/nofp/libc.a(libc_a-puts.o)
 .debug_info    0x0000777e      0xab7 /usr/lib/gcc/arm-none-eabi/14.2.0/../../../../arm-none-eabi/lib/thumb/v6-m/nofp/libc.a(libc_a-stdio.o)
 .debug_info    0x00008235      0x135 /usr/lib/gcc/arm-none-eabi/14.2.0/../../../../arm-none-eabi/lib/thumb/v6-m/nofp/libc.a(libc_a-memset.o)
 .debug_info    0x0000836a      0x798 /usr/lib/gcc/arm-none-eabi/14.2.0/../../../../arm-none-eabi/lib/thumb/v6-m/nofp/libc.a(libc_a-closer.o)
 .debug_info    0x00008b02      0x851 /usr/lib/gcc/arm-none-eabi/14.2.0/../../../../arm-none-eabi/lib/thumb/v6-m/nofp/libc.a(libc_a-reent.o)
 .debug_info    0x00009353      0x750 /usr/lib/gcc/arm-none-eabi/14.2.0/../../../../arm-none-eabi/lib/thumb/v6-m/nofp/libc.a(libc_a-impure.o)
 .debug_info    0x00009aa3      0x7e3 /usr/lib/gcc/arm-none-eabi/14.2.0/../../../../arm-none-eabi/lib/thumb/v6-m/nofp/libc.a(libc_a-lseekr.o)
 .debug_info    0x0000a286      0x7fa /usr/lib/gcc/arm-none-eabi/14.2.0/../../../../arm-none-eabi/lib/thumb/v6-m/nofp/libc.a(libc_a-readr.o)
 .debug_info    0x0000aa80      0x800 /usr/lib/gcc/arm-none-eabi/14.2.0/../../../../arm-none-eabi/lib/thumb/v6-m/nofp/libc.a(libc_a-writer.o)
 .debug_info    0x0000b280      0x10b /usr/lib/gcc/arm-none-eabi/14.2.0/../../../../arm-none-eabi/lib/thumb/v6-m/nofp/libc.a(libc_a-init.o)
 .debug_info    0x0000b38b       0xf7 /usr/lib/gcc/arm-none-eabi/14.2.0/../../../../arm-none-eabi/lib/thumb/v6-m/nofp/libc.a(libc_a-fini.o)
 .debug_info    0x0000b482      0x218 /usr/lib/gcc/arm-none-eabi/14.2.0/../../../../arm-none-eabi/lib/thumb/v6-m/nofp/libc.a(libc_a-lock.o)
 .debug_info    0x0000b69a       0x33 /usr/lib/gcc/arm-none-eabi/14.2.0/../../../../arm-none-eabi/lib/thumb/v6-m/nofp/libc.a(libc_a-strcmp.o)
 .debug_info    0x0000b6cd       0xeb /usr/lib/gcc/arm-none-eabi/14.2.0/../../../../arm-none-eabi/lib/thumb/v6-m/nofp/libc.a(libc_a-strlen-stub.o)
 .debug_info    0x0000b7b8      0x25f /usr/lib/gcc/arm-none-eabi/14.2.0/../../../../arm-none-eabi/lib/thumb/v6-m/nofp/libc.a(libc_a-__atexit.o)
 .debug_info    0x0000ba17      0x2dd /usr/lib/gcc/arm-none-eabi/14.2.0/../../../../arm-none-eabi/lib/thumb/v6-m/nofp/libc.a(libc_a-__call_atexit.o)
 .debug_info    0x0000bcf4      0xb71 /usr/lib/gcc/arm-none-eabi/14.2.0/../../../../arm-none-eabi/lib/thumb/v6-m/nofp/libc.a(libc_a-freer.o)
 .debug_info    0x0000c865      0xcf0 /usr/lib/gcc/arm-none-eabi/14.2.0/../../../../arm-none-eabi/lib/thumb/v6-m/nofp/libc.a(libc_a-mallocr.o)
 .debug_info    0x0000d555      0x7a6 /usr/lib/gcc/arm-none-eabi/14.2.0/../../../../arm-none-eabi/lib/thumb/v6-m/nofp/libc.a(libc_a-mlock.o)
 .debug_info    0x0000dcfb     0x1e3c /usr/lib/gcc/arm-none-eabi/14.2.0/../../../../arm-none-eabi/lib/thumb/v6-m/nofp/libc.a(libc_a-vfprintf.o)
 .debug_info    0x0000fb37      0x847 /usr/lib/gcc/arm-none-eabi/14.2.0/../../../../arm-none-eabi/lib/thumb/v6-m/nofp/libc.a(libc_a-sprint_r.o)
 .debug_info    0x0001037e      0x90c /usr/lib/gcc/arm-none-eabi/14.2.0/../../../../arm-none-eabi/lib/thumb/v6-m/nofp/libc.a(libc_a-fclose.o)
 .debug_info    0x00010c8a      0xaf3 /usr/lib/gcc/arm-none-eabi/14.2.0/../../../../arm-none-eabi/lib/thumb/v6-m/nofp/libc.a(libc_a-fflush.o)
 .debug_info    0x0001177d      0xb6e /usr/lib/gcc/arm-none-eabi/14.2.0/../../../../arm-none-eabi/lib/thumb/v6-m/nofp/libc.a(libc_a-fvwrite.o)
 .debug_info    0x000122eb      0x7f6 /usr/lib/gcc/arm-none-eabi/14.2.0/../../../../arm-none-eabi/lib/thumb/v6-m/nofp/libc.a(libc_a-wsetup.o)
 .debug_info    0x00012ae1      0x148 /usr/lib/gcc/arm-none-eabi/14.2.0/../../../../arm-none-eabi/lib/thumb/v6-m/nofp/libc.a(libc_a-memmove.o)
 .debug_info    0x00012c29      0x14a /usr/lib/gcc/arm-none-eabi/14.2.0/../../../../arm-none-eabi/lib/thumb/v6-m/nofp/libc.a(libc_a-strncpy.o)
 .debug_info    0x00012d73      0xa43 /usr/lib/gcc/arm-none-eabi/14.2.0/../../../../arm-none-eabi/lib/thumb/v6-m/nofp/libc.a(libc_a-localeconv.o)
 .debug_info    0x000137b6      0x7bd /usr/lib/gcc/arm-none-eabi/14.2.0/../../../../arm-none-eabi/lib/thumb/v6-m/nofp/libc.a(libc_a-sbrkr.o)
 .debug_info    0x00013f73       0xc1 /usr/lib/gcc/arm-none-eabi/14.2.0/../../../../arm-none-eabi/lib/thumb/v6-m/nofp/libc.a(libc_a-sysconf.o)
 .debug_info    0x00014034      0x14a /usr/lib/gcc/arm-none-eabi/14.2.0/../../../../arm-none-eabi/lib/thumb/v6-m/nofp/libc.a(libc_a-memchr-stub.o)
 .debug_info    0x0001417e      0x152 /usr/lib/gcc/arm-none-eabi/14.2.0/../../../../arm-none-eabi/lib/thumb/v6-m/nofp/libc.a(libc_a-memcpy-stub.o)
 .debug_info    0x000142d0      0x1e4 /usr/lib/gcc/arm-none-eabi/14.2.0/../../../../arm-none-eabi/lib/thumb/v6-m/nofp/libc.a(libm_a-s_frexp.o)
 .debug_info    0x000144b4     0x1a11 /usr/lib/gcc/arm-none-eabi/14.2.0/../../../../arm-none-eabi/lib/thumb/v6-m/nofp/libc.a(libc_a-dtoa.o)
 .debug_info    0x00015ec5     0x1e4a /usr/lib/gcc/arm-none-eabi/14.2.0/../../../../arm-none-eabi/lib/thumb/v6-m/nofp/libc.a(libc_a-mprec.o)
 .debug_info    0x00017d0f      0xbd1 /usr/lib/gcc/arm-none-eabi/14.2.0/../../../../arm-none-eabi/lib/thumb/v6-m/nofp/libc.a(libc_a-reallocr.o)
 .debug_info    0x000188e0      0xc2f /usr/lib/gcc/arm-none-eabi/14.2.0/../../../../arm-none-eabi/lib/thumb/v6-m/nofp/libc.a(libc_a-makebuf.o)
 .debug_info    0x0001950f      0xbe8 /usr/lib/gcc/arm-none-eabi/14.2.0/../../../../arm-none-eabi/lib/thumb/v6-m/nofp/libc.a(libc_a-locale.o)
 .debug_info    0x0001a0f7      0x9bc /usr/lib/gcc/arm-none-eabi/14.2.0/../../../../arm-none-eabi/lib/thumb/v6-m/nofp/libc.a(libc_a-fstatr.o)
 .debug_info    0x0001aab3      0x798 /usr/lib/gcc/arm-none-eabi/14.2.0/../../../../arm-none-eabi/lib/thumb/v6-m/nofp/libc.a(libc_a-isattyr.o)
 .debug_info    0x0001b24b      0x736 /usr/lib/gcc/arm-none-eabi/14.2.0/../../../../arm-none-eabi/lib/thumb/v6-m/nofp/libc.a(libc_a-errno.o)
 .debug_info    0x0001b981      0x86e /usr/lib/gcc/arm-none-eabi/14.2.0/../../../../arm-none-eabi/lib/thumb/v6-m/nofp/libc.a(libc_a-assert.o)
 .debug_info    0x0001c1ef      0x912 /usr/lib/gcc/arm-none-eabi/14.2.0/../../../../arm-none-eabi/lib/thumb/v6-m/nofp/libc.a(libc_a-callocr.o)
 .debug_info    0x0001cb01      0xaea /usr/lib/gcc/arm-none-eabi/14.2.0/../../../../arm-none-eabi/lib/thumb/v6-m/nofp/libc.a(libc_a-mbtowc_r.o)
 .debug_info    0x0001d5eb      0xaa4 /usr/lib/gcc/arm-none-eabi/14.2.0/../../../../arm-none-eabi/lib/thumb/v6-m/nofp/libc.a(libc_a-wctomb_r.o)
 .debug_info    0x0001e08f       0xb9 /usr/lib/gcc/arm-none-eabi/14.2.0/../../../../arm-none-eabi/lib/thumb/v6-m/nofp/libc.a(libc_a-ctype_.o)
 .debug_info    0x0001e148      0x899 /usr/lib/gcc/arm-none-eabi/14.2.0/../../../../arm-none-eabi/lib/thumb/v6-m/nofp/libc.a(libc_a-fiprintf.o)
 .debug_info    0x0001e9e1     0x13ac /usr/lib/gcc/arm-none-eabi/14.2.0/../../../../arm-none-eabi/lib/thumb/v6-m/nofp/libc.a(libc_a-vfiprintf.o)
 .debug_info    0x0001fd8d       0xd8 /usr/lib/gcc/arm-none-eabi/14.2.0/../../../../arm-none-eabi/lib/thumb/v6-m/nofp/libc.a(libc_a-abort.o)
 .debug_info    0x0001fe65      0xc69 /usr/lib/gcc/arm-none-eabi/14.2.0/../../../../arm-none-eabi/lib/thumb/v6-m/nofp/libc.a(libc_a-signal.o)
 .debug_info    0x00020ace      0x829 /usr/lib/gcc/arm-none-eabi/14.2.0/../../../../arm-none-eabi/lib/thumb/v6-m/nofp/libc.a(libc_a-signalr.o)
 .debug_info    0x000212f7       0x3d /usr/lib/gcc/arm-none-eabi/14.2.0/thumb/v6-m/nofp/libgcc.a(_udivsi3.o)
 .debug_info    0x00021334       0x3e /usr/lib/gcc/arm-none-eabi/14.2.0/thumb/v6-m/nofp/libgcc.a(_divsi3.o)
 .debug_info    0x00021372       0x3c /usr/lib/gcc/arm-none-eabi/14.2.0/thumb/v6-m/nofp/libgcc.a(_dvmd_tls.o)
 .debug_info    0x000213ae       0x7e /usr/lib/gcc/arm-none-eabi/14.2.0/thumb/v6-m/nofp/libgcc.a(_arm_cmpdf2.o)
 .debug_info    0x0002142c       0x31 /usr/lib/gcc/arm-none-eabi/14.2.0/thumb/v6-m/nofp/libgcc.a(_aeabi_uldivmod.o)
 .debug_info    0x0002145d      0x3e7 /usr/lib/gcc/arm-none-eabi/14.2.0/thumb/v6-m/nofp/libgcc.a(_udivmoddi4.o)
 .debug_info    0x00021844      0x589 /usr/lib/gcc/arm-none-eabi/14.2.0/thumb/v6-m/nofp/libgcc.a(adddf3.o)
 .debug_info    0x00021dcd      0x7ca /usr/lib/gcc/arm-none-eabi/14.2.0/thumb/v6-m/nofp/libgcc.a(divdf3.o)
 .debug_info    0x00022597      0x243 /usr/lib/gcc/arm-none-eabi/14.2.0/thumb/v6-m/nofp/libgcc.a(eqdf2.o)
 .debug_info    0x000227da      0x251 /usr/lib/gcc/arm-none-eabi/14.2.0/thumb/v6-m/nofp/libgcc.a(gedf2.o)
 .debug_info    0x00022a2b      0x251 /usr/lib/gcc/arm-none-eabi/14.2.0/thumb/v6-m/nofp/libgcc.a(ledf2.o)
 .debug_info    0x00022c7c      0x7b4 /usr/lib/gcc/arm-none-eabi/14.2.0/thumb/v6-m/nofp/libgcc.a(muldf3.o)
 .debug_info    0x00023430      0x589 /usr/lib/gcc/arm-none-eabi/14.2.0/thumb/v6-m/nofp/libgcc.a(subdf3.o)
 .debug_info    0x000239b9      0x21f /usr/lib/gcc/arm-none-eabi/14.2.0/thumb/v6-m/nofp/libgcc.a(unorddf2.o)
 .debug_info    0x00023bd8      0x1d9 /usr/lib/gcc/arm-none-eabi/14.2.0/thumb/v6-m/nofp/libgcc.a(fixdfsi.o)
 .debug_info    0x00023db1      0x28f /usr/lib/gcc/arm-none-eabi/14.2.0/thumb/v6-m/nofp/libgcc.a(floatsidf.o)
 .debug_info    0x00024040      0x27e /usr/lib/gcc/arm-none-eabi/14.2.0/thumb/v6-m/nofp/libgcc.a(floatunsidf.o)
 .debug_info    0x000242be       0x31 /usr/lib/gcc/arm-none-eabi/14.2.0/thumb/v6-m/nofp/libgcc.a(_thumb1_case_uhi.o)
 .debug_info    0x000242ef       0x3c /usr/lib/gcc/arm-none-eabi/14.2.0/thumb/v6-m/nofp/libgcc.a(_lshrdi3.o)
 .debug_info    0x0002432b       0x3c /usr/lib/gcc/arm-none-eabi/14.2.0/thumb/v6-m/nofp/libgcc.a(_ashldi3.o)
 .debug_info    0x00024367       0x31 /usr/lib/gcc/arm-none-eabi/14.2.0/thumb/v6-m/nofp/libgcc.a(_clzsi2.o)
 .debug_info    0x00024398       0x24 /usr/lib/gcc/arm-none-eabi/14.2.0/thumb/v6-m/nofp/libgcc.a(_clzdi2.o)

.debug_abbrev   0x00000000     0x97a2
 .debug_abbrev  0x00000000       0x6e ./0app/main.o
 .debug_abbrev  0x0000006e      0x190 ./0app/led.o
 .debug_abbrev  0x000001fe      0x24b ./2Driver/driver_pin.o
 .debug_abbrev  0x00000449      0x1cc ./2Driver/eba_export.o
 .debug_abbrev  0x00000615      0x16d ./3BSP/bsp.o
 .debug_abbrev  0x00000782       0x82 ./3BSP/elab_time.o
 .debug_abbrev  0x00000804      0x115 ./3BSP/mcu/system_stm32g0xx.o
 .debug_abbrev  0x00000919      0x1b8 ./3BSP/STM32G0xx_HAL_Driver/Src/stm32g0xx_hal_gpio.o
 .debug_abbrev  0x00000ad1      0x1d0 ./3BSP/STM32G0xx_HAL_Driver/Src/stm32g0xx_hal_pwr_ex.o
 .debug_abbrev  0x00000ca1      0x2a2 ./3BSP/STM32G0xx_HAL_Driver/Src/stm32g0xx_hal_rcc.o
 .debug_abbrev  0x00000f43      0x27c ./3BSP/STM32G0xx_HAL_Driver/Src/stm32g0xx_hal_cortex.o
 .debug_abbrev  0x000011bf      0x2a8 ./3BSP/STM32G0xx_HAL_Driver/Src/stm32g0xx_hal.o
 .debug_abbrev  0x00001467       0x9c ./3BSP/qassert.o
 .debug_abbrev  0x00001503      0x1a6 ./1middle/eio_pin.o
 .debug_abbrev  0x000016a9       0x1d ./3BSP/mcu/startup_stm32g070rbtx.o
 .debug_abbrev  0x000016c6       0xbe /usr/lib/gcc/arm-none-eabi/14.2.0/../../../../arm-none-eabi/lib/thumb/v6-m/nofp/libc.a(libc_a-atexit.o)
 .debug_abbrev  0x00001784      0x473 /usr/lib/gcc/arm-none-eabi/14.2.0/../../../../arm-none-eabi/lib/thumb/v6-m/nofp/libc.a(libc_a-findfp.o)
 .debug_abbrev  0x00001bf7      0x1d9 /usr/lib/gcc/arm-none-eabi/14.2.0/../../../../arm-none-eabi/lib/thumb/v6-m/nofp/libc.a(libc_a-fwalk.o)
 .debug_abbrev  0x00001dd0      0x256 /usr/lib/gcc/arm-none-eabi/14.2.0/../../../../arm-none-eabi/lib/thumb/v6-m/nofp/libc.a(libc_a-printf.o)
 .debug_abbrev  0x00002026      0x271 /usr/lib/gcc/arm-none-eabi/14.2.0/../../../../arm-none-eabi/lib/thumb/v6-m/nofp/libc.a(libc_a-puts.o)
 .debug_abbrev  0x00002297      0x242 /usr/lib/gcc/arm-none-eabi/14.2.0/../../../../arm-none-eabi/lib/thumb/v6-m/nofp/libc.a(libc_a-stdio.o)
 .debug_abbrev  0x000024d9       0xb7 /usr/lib/gcc/arm-none-eabi/14.2.0/../../../../arm-none-eabi/lib/thumb/v6-m/nofp/libc.a(libc_a-memset.o)
 .debug_abbrev  0x00002590      0x1ec /usr/lib/gcc/arm-none-eabi/14.2.0/../../../../arm-none-eabi/lib/thumb/v6-m/nofp/libc.a(libc_a-closer.o)
 .debug_abbrev  0x0000277c      0x227 /usr/lib/gcc/arm-none-eabi/14.2.0/../../../../arm-none-eabi/lib/thumb/v6-m/nofp/libc.a(libc_a-reent.o)
 .debug_abbrev  0x000029a3      0x185 /usr/lib/gcc/arm-none-eabi/14.2.0/../../../../arm-none-eabi/lib/thumb/v6-m/nofp/libc.a(libc_a-impure.o)
 .debug_abbrev  0x00002b28      0x200 /usr/lib/gcc/arm-none-eabi/14.2.0/../../../../arm-none-eabi/lib/thumb/v6-m/nofp/libc.a(libc_a-lseekr.o)
 .debug_abbrev  0x00002d28      0x1ec /usr/lib/gcc/arm-none-eabi/14.2.0/../../../../arm-none-eabi/lib/thumb/v6-m/nofp/libc.a(libc_a-readr.o)
 .debug_abbrev  0x00002f14      0x1f1 /usr/lib/gcc/arm-none-eabi/14.2.0/../../../../arm-none-eabi/lib/thumb/v6-m/nofp/libc.a(libc_a-writer.o)
 .debug_abbrev  0x00003105       0xc9 /usr/lib/gcc/arm-none-eabi/14.2.0/../../../../arm-none-eabi/lib/thumb/v6-m/nofp/libc.a(libc_a-init.o)
 .debug_abbrev  0x000031ce       0xc9 /usr/lib/gcc/arm-none-eabi/14.2.0/../../../../arm-none-eabi/lib/thumb/v6-m/nofp/libc.a(libc_a-fini.o)
 .debug_abbrev  0x00003297      0x115 /usr/lib/gcc/arm-none-eabi/14.2.0/../../../../arm-none-eabi/lib/thumb/v6-m/nofp/libc.a(libc_a-lock.o)
 .debug_abbrev  0x000033ac       0x28 /usr/lib/gcc/arm-none-eabi/14.2.0/../../../../arm-none-eabi/lib/thumb/v6-m/nofp/libc.a(libc_a-strcmp.o)
 .debug_abbrev  0x000033d4       0x90 /usr/lib/gcc/arm-none-eabi/14.2.0/../../../../arm-none-eabi/lib/thumb/v6-m/nofp/libc.a(libc_a-strlen-stub.o)
 .debug_abbrev  0x00003464      0x189 /usr/lib/gcc/arm-none-eabi/14.2.0/../../../../arm-none-eabi/lib/thumb/v6-m/nofp/libc.a(libc_a-__atexit.o)
 .debug_abbrev  0x000035ed      0x200 /usr/lib/gcc/arm-none-eabi/14.2.0/../../../../arm-none-eabi/lib/thumb/v6-m/nofp/libc.a(libc_a-__call_atexit.o)
 .debug_abbrev  0x000037ed      0x289 /usr/lib/gcc/arm-none-eabi/14.2.0/../../../../arm-none-eabi/lib/thumb/v6-m/nofp/libc.a(libc_a-freer.o)
 .debug_abbrev  0x00003a76      0x2d7 /usr/lib/gcc/arm-none-eabi/14.2.0/../../../../arm-none-eabi/lib/thumb/v6-m/nofp/libc.a(libc_a-mallocr.o)
 .debug_abbrev  0x00003d4d      0x1f8 /usr/lib/gcc/arm-none-eabi/14.2.0/../../../../arm-none-eabi/lib/thumb/v6-m/nofp/libc.a(libc_a-mlock.o)
 .debug_abbrev  0x00003f45      0x4c0 /usr/lib/gcc/arm-none-eabi/14.2.0/../../../../arm-none-eabi/lib/thumb/v6-m/nofp/libc.a(libc_a-vfprintf.o)
 .debug_abbrev  0x00004405      0x1dd /usr/lib/gcc/arm-none-eabi/14.2.0/../../../../arm-none-eabi/lib/thumb/v6-m/nofp/libc.a(libc_a-sprint_r.o)
 .debug_abbrev  0x000045e2      0x296 /usr/lib/gcc/arm-none-eabi/14.2.0/../../../../arm-none-eabi/lib/thumb/v6-m/nofp/libc.a(libc_a-fclose.o)
 .debug_abbrev  0x00004878      0x31a /usr/lib/gcc/arm-none-eabi/14.2.0/../../../../arm-none-eabi/lib/thumb/v6-m/nofp/libc.a(libc_a-fflush.o)
 .debug_abbrev  0x00004b92      0x26d /usr/lib/gcc/arm-none-eabi/14.2.0/../../../../arm-none-eabi/lib/thumb/v6-m/nofp/libc.a(libc_a-fvwrite.o)
 .debug_abbrev  0x00004dff      0x21e /usr/lib/gcc/arm-none-eabi/14.2.0/../../../../arm-none-eabi/lib/thumb/v6-m/nofp/libc.a(libc_a-wsetup.o)
 .debug_abbrev  0x0000501d       0xc3 /usr/lib/gcc/arm-none-eabi/14.2.0/../../../../arm-none-eabi/lib/thumb/v6-m/nofp/libc.a(libc_a-memmove.o)
 .debug_abbrev  0x000050e0       0xbe /usr/lib/gcc/arm-none-eabi/14.2.0/../../../../arm-none-eabi/lib/thumb/v6-m/nofp/libc.a(libc_a-strncpy.o)
 .debug_abbrev  0x0000519e      0x273 /usr/lib/gcc/arm-none-eabi/14.2.0/../../../../arm-none-eabi/lib/thumb/v6-m/nofp/libc.a(libc_a-localeconv.o)
 .debug_abbrev  0x00005411      0x216 /usr/lib/gcc/arm-none-eabi/14.2.0/../../../../arm-none-eabi/lib/thumb/v6-m/nofp/libc.a(libc_a-sbrkr.o)
 .debug_abbrev  0x00005627       0x80 /usr/lib/gcc/arm-none-eabi/14.2.0/../../../../arm-none-eabi/lib/thumb/v6-m/nofp/libc.a(libc_a-sysconf.o)
 .debug_abbrev  0x000056a7       0xc7 /usr/lib/gcc/arm-none-eabi/14.2.0/../../../../arm-none-eabi/lib/thumb/v6-m/nofp/libc.a(libc_a-memchr-stub.o)
 .debug_abbrev  0x0000576e       0xca /usr/lib/gcc/arm-none-eabi/14.2.0/../../../../arm-none-eabi/lib/thumb/v6-m/nofp/libc.a(libc_a-memcpy-stub.o)
 .debug_abbrev  0x00005838      0x162 /usr/lib/gcc/arm-none-eabi/14.2.0/../../../../arm-none-eabi/lib/thumb/v6-m/nofp/libc.a(libm_a-s_frexp.o)
 .debug_abbrev  0x0000599a      0x36d /usr/lib/gcc/arm-none-eabi/14.2.0/../../../../arm-none-eabi/lib/thumb/v6-m/nofp/libc.a(libc_a-dtoa.o)
 .debug_abbrev  0x00005d07      0x51a /usr/lib/gcc/arm-none-eabi/14.2.0/../../../../arm-none-eabi/lib/thumb/v6-m/nofp/libc.a(libc_a-mprec.o)
 .debug_abbrev  0x00006221      0x280 /usr/lib/gcc/arm-none-eabi/14.2.0/../../../../arm-none-eabi/lib/thumb/v6-m/nofp/libc.a(libc_a-reallocr.o)
 .debug_abbrev  0x000064a1      0x2d9 /usr/lib/gcc/arm-none-eabi/14.2.0/../../../../arm-none-eabi/lib/thumb/v6-m/nofp/libc.a(libc_a-makebuf.o)
 .debug_abbrev  0x0000677a      0x2e2 /usr/lib/gcc/arm-none-eabi/14.2.0/../../../../arm-none-eabi/lib/thumb/v6-m/nofp/libc.a(libc_a-locale.o)
 .debug_abbrev  0x00006a5c      0x1ff /usr/lib/gcc/arm-none-eabi/14.2.0/../../../../arm-none-eabi/lib/thumb/v6-m/nofp/libc.a(libc_a-fstatr.o)
 .debug_abbrev  0x00006c5b      0x1ec /usr/lib/gcc/arm-none-eabi/14.2.0/../../../../arm-none-eabi/lib/thumb/v6-m/nofp/libc.a(libc_a-isattyr.o)
 .debug_abbrev  0x00006e47      0x19a /usr/lib/gcc/arm-none-eabi/14.2.0/../../../../arm-none-eabi/lib/thumb/v6-m/nofp/libc.a(libc_a-errno.o)
 .debug_abbrev  0x00006fe1      0x226 /usr/lib/gcc/arm-none-eabi/14.2.0/../../../../arm-none-eabi/lib/thumb/v6-m/nofp/libc.a(libc_a-assert.o)
 .debug_abbrev  0x00007207      0x25b /usr/lib/gcc/arm-none-eabi/14.2.0/../../../../arm-none-eabi/lib/thumb/v6-m/nofp/libc.a(libc_a-callocr.o)
 .debug_abbrev  0x00007462      0x26d /usr/lib/gcc/arm-none-eabi/14.2.0/../../../../arm-none-eabi/lib/thumb/v6-m/nofp/libc.a(libc_a-mbtowc_r.o)
 .debug_abbrev  0x000076cf      0x257 /usr/lib/gcc/arm-none-eabi/14.2.0/../../../../arm-none-eabi/lib/thumb/v6-m/nofp/libc.a(libc_a-wctomb_r.o)
 .debug_abbrev  0x00007926       0x62 /usr/lib/gcc/arm-none-eabi/14.2.0/../../../../arm-none-eabi/lib/thumb/v6-m/nofp/libc.a(libc_a-ctype_.o)
 .debug_abbrev  0x00007988      0x252 /usr/lib/gcc/arm-none-eabi/14.2.0/../../../../arm-none-eabi/lib/thumb/v6-m/nofp/libc.a(libc_a-fiprintf.o)
 .debug_abbrev  0x00007bda      0x3d3 /usr/lib/gcc/arm-none-eabi/14.2.0/../../../../arm-none-eabi/lib/thumb/v6-m/nofp/libc.a(libc_a-vfiprintf.o)
 .debug_abbrev  0x00007fad       0x99 /usr/lib/gcc/arm-none-eabi/14.2.0/../../../../arm-none-eabi/lib/thumb/v6-m/nofp/libc.a(libc_a-abort.o)
 .debug_abbrev  0x00008046      0x307 /usr/lib/gcc/arm-none-eabi/14.2.0/../../../../arm-none-eabi/lib/thumb/v6-m/nofp/libc.a(libc_a-signal.o)
 .debug_abbrev  0x0000834d      0x229 /usr/lib/gcc/arm-none-eabi/14.2.0/../../../../arm-none-eabi/lib/thumb/v6-m/nofp/libc.a(libc_a-signalr.o)
 .debug_abbrev  0x00008576       0x28 /usr/lib/gcc/arm-none-eabi/14.2.0/thumb/v6-m/nofp/libgcc.a(_udivsi3.o)
 .debug_abbrev  0x0000859e       0x28 /usr/lib/gcc/arm-none-eabi/14.2.0/thumb/v6-m/nofp/libgcc.a(_divsi3.o)
 .debug_abbrev  0x000085c6       0x26 /usr/lib/gcc/arm-none-eabi/14.2.0/thumb/v6-m/nofp/libgcc.a(_dvmd_tls.o)
 .debug_abbrev  0x000085ec       0x28 /usr/lib/gcc/arm-none-eabi/14.2.0/thumb/v6-m/nofp/libgcc.a(_arm_cmpdf2.o)
 .debug_abbrev  0x00008614       0x28 /usr/lib/gcc/arm-none-eabi/14.2.0/thumb/v6-m/nofp/libgcc.a(_aeabi_uldivmod.o)
 .debug_abbrev  0x0000863c      0x120 /usr/lib/gcc/arm-none-eabi/14.2.0/thumb/v6-m/nofp/libgcc.a(_udivmoddi4.o)
 .debug_abbrev  0x0000875c      0x187 /usr/lib/gcc/arm-none-eabi/14.2.0/thumb/v6-m/nofp/libgcc.a(adddf3.o)
 .debug_abbrev  0x000088e3      0x16e /usr/lib/gcc/arm-none-eabi/14.2.0/thumb/v6-m/nofp/libgcc.a(divdf3.o)
 .debug_abbrev  0x00008a51      0x157 /usr/lib/gcc/arm-none-eabi/14.2.0/thumb/v6-m/nofp/libgcc.a(eqdf2.o)
 .debug_abbrev  0x00008ba8      0x159 /usr/lib/gcc/arm-none-eabi/14.2.0/thumb/v6-m/nofp/libgcc.a(gedf2.o)
 .debug_abbrev  0x00008d01      0x159 /usr/lib/gcc/arm-none-eabi/14.2.0/thumb/v6-m/nofp/libgcc.a(ledf2.o)
 .debug_abbrev  0x00008e5a      0x186 /usr/lib/gcc/arm-none-eabi/14.2.0/thumb/v6-m/nofp/libgcc.a(muldf3.o)
 .debug_abbrev  0x00008fe0      0x187 /usr/lib/gcc/arm-none-eabi/14.2.0/thumb/v6-m/nofp/libgcc.a(subdf3.o)
 .debug_abbrev  0x00009167      0x143 /usr/lib/gcc/arm-none-eabi/14.2.0/thumb/v6-m/nofp/libgcc.a(unorddf2.o)
 .debug_abbrev  0x000092aa      0x144 /usr/lib/gcc/arm-none-eabi/14.2.0/thumb/v6-m/nofp/libgcc.a(fixdfsi.o)
 .debug_abbrev  0x000093ee      0x178 /usr/lib/gcc/arm-none-eabi/14.2.0/thumb/v6-m/nofp/libgcc.a(floatsidf.o)